Component: ARM Compiler 5.06 update 6 (build 750) Tool: armlink [4d35ed]

==============================================================================

Section Cross References

    startup_stm32g431xx.o(STACK) refers (Special) to heapauxi.o(.text) for __use_two_region_memory
    startup_stm32g431xx.o(HEAP) refers (Special) to heapauxi.o(.text) for __use_two_region_memory
    startup_stm32g431xx.o(RESET) refers (Special) to heapauxi.o(.text) for __use_two_region_memory
    startup_stm32g431xx.o(RESET) refers to startup_stm32g431xx.o(STACK) for __initial_sp
    startup_stm32g431xx.o(RESET) refers to startup_stm32g431xx.o(.text) for Reset_Handler
    startup_stm32g431xx.o(RESET) refers to stm32g4xx_it.o(i.NMI_Handler) for NMI_Handler
    startup_stm32g431xx.o(RESET) refers to stm32g4xx_it.o(i.HardFault_Handler) for HardFault_Handler
    startup_stm32g431xx.o(RESET) refers to stm32g4xx_it.o(i.MemManage_Handler) for MemManage_Handler
    startup_stm32g431xx.o(RESET) refers to stm32g4xx_it.o(i.BusFault_Handler) for BusFault_Handler
    startup_stm32g431xx.o(RESET) refers to stm32g4xx_it.o(i.UsageFault_Handler) for UsageFault_Handler
    startup_stm32g431xx.o(RESET) refers to stm32g4xx_it.o(i.SVC_Handler) for SVC_Handler
    startup_stm32g431xx.o(RESET) refers to stm32g4xx_it.o(i.DebugMon_Handler) for DebugMon_Handler
    startup_stm32g431xx.o(RESET) refers to stm32g4xx_it.o(i.PendSV_Handler) for PendSV_Handler
    startup_stm32g431xx.o(RESET) refers to stm32g4xx_it.o(i.SysTick_Handler) for SysTick_Handler
    startup_stm32g431xx.o(RESET) refers to stm32g4xx_it.o(i.DMA1_Channel1_IRQHandler) for DMA1_Channel1_IRQHandler
    startup_stm32g431xx.o(.text) refers (Special) to heapauxi.o(.text) for __use_two_region_memory
    startup_stm32g431xx.o(.text) refers to system_stm32g4xx.o(i.SystemInit) for SystemInit
    startup_stm32g431xx.o(.text) refers to __main.o(!!!main) for __main
    startup_stm32g431xx.o(.text) refers to startup_stm32g431xx.o(HEAP) for Heap_Mem
    startup_stm32g431xx.o(.text) refers to startup_stm32g431xx.o(STACK) for Stack_Mem
    main.o(i.SystemClock_Config) refers to rt_memclr_w.o(.text) for __aeabi_memclr4
    main.o(i.SystemClock_Config) refers to stm32g4xx_hal_pwr_ex.o(i.HAL_PWREx_ControlVoltageScaling) for HAL_PWREx_ControlVoltageScaling
    main.o(i.SystemClock_Config) refers to stm32g4xx_hal_rcc.o(i.HAL_RCC_OscConfig) for HAL_RCC_OscConfig
    main.o(i.SystemClock_Config) refers to stm32g4xx_hal_rcc.o(i.HAL_RCC_ClockConfig) for HAL_RCC_ClockConfig
    main.o(i.main) refers to stm32g4xx_hal.o(i.HAL_Init) for HAL_Init
    main.o(i.main) refers to main.o(i.SystemClock_Config) for SystemClock_Config
    main.o(i.main) refers to gpio.o(i.MX_GPIO_Init) for MX_GPIO_Init
    main.o(i.main) refers to dma.o(i.MX_DMA_Init) for MX_DMA_Init
    main.o(i.main) refers to adc.o(i.MX_ADC1_Init) for MX_ADC1_Init
    main.o(i.main) refers to fdcan.o(i.MX_FDCAN1_Init) for MX_FDCAN1_Init
    main.o(i.main) refers to i2c.o(i.MX_I2C1_Init) for MX_I2C1_Init
    main.o(i.main) refers to spi.o(i.MX_SPI2_Init) for MX_SPI2_Init
    main.o(i.main) refers to tim.o(i.MX_TIM1_Init) for MX_TIM1_Init
    main.o(i.main) refers to usart.o(i.MX_USART2_UART_Init) for MX_USART2_UART_Init
    main.o(i.main) refers to usart.o(i.MX_USART3_UART_Init) for MX_USART3_UART_Init
    main.o(i.main) refers to usart.o(i.MX_UART4_Init) for MX_UART4_Init
    main.o(i.main) refers to spi.o(i.MX_SPI1_Init) for MX_SPI1_Init
    main.o(i.main) refers to oled_drv.o(i.OLED_Init) for OLED_Init
    main.o(i.main) refers to u8g2_buffer.o(i.u8g2_ClearBuffer) for u8g2_ClearBuffer
    main.o(i.main) refers to oled_drv.o(i.OLED_printf) for OLED_printf
    main.o(i.main) refers to oled_drv.o(i.OLED_circle) for OLED_circle
    main.o(i.main) refers to u8g2_buffer.o(i.u8g2_SendBuffer) for u8g2_SendBuffer
    main.o(i.main) refers to stm32g4xx_hal.o(i.HAL_Delay) for HAL_Delay
    main.o(i.main) refers to spi.o(.bss) for hspi1
    gpio.o(i.MX_GPIO_Init) refers to rt_memclr_w.o(.text) for __aeabi_memclr4
    gpio.o(i.MX_GPIO_Init) refers to stm32g4xx_hal_gpio.o(i.HAL_GPIO_WritePin) for HAL_GPIO_WritePin
    gpio.o(i.MX_GPIO_Init) refers to stm32g4xx_hal_gpio.o(i.HAL_GPIO_Init) for HAL_GPIO_Init
    adc.o(i.HAL_ADC_MspDeInit) refers to stm32g4xx_hal_gpio.o(i.HAL_GPIO_DeInit) for HAL_GPIO_DeInit
    adc.o(i.HAL_ADC_MspInit) refers to rt_memclr_w.o(.text) for __aeabi_memclr4
    adc.o(i.HAL_ADC_MspInit) refers to stm32g4xx_hal_rcc_ex.o(i.HAL_RCCEx_PeriphCLKConfig) for HAL_RCCEx_PeriphCLKConfig
    adc.o(i.HAL_ADC_MspInit) refers to main.o(i.Error_Handler) for Error_Handler
    adc.o(i.HAL_ADC_MspInit) refers to stm32g4xx_hal_gpio.o(i.HAL_GPIO_Init) for HAL_GPIO_Init
    adc.o(i.MX_ADC1_Init) refers to rt_memclr_w.o(.text) for __aeabi_memclr4
    adc.o(i.MX_ADC1_Init) refers to stm32g4xx_hal_adc.o(i.HAL_ADC_Init) for HAL_ADC_Init
    adc.o(i.MX_ADC1_Init) refers to main.o(i.Error_Handler) for Error_Handler
[...]
    __rt_lib_init_heap_1                     0x080002eb   Thumb Code     0  libinit2.o(.ARM.Collect$$libinit$$0000000A)
    __rt_lib_init_lc_common                  0x080002eb   Thumb Code     0  libinit2.o(.ARM.Collect$$libinit$$0000000F)
    __rt_lib_init_rand_1                     0x080002eb   Thumb Code     0  libinit2.o(.ARM.Collect$$libinit$$0000000E)
    __rt_lib_init_user_alloc_1               0x080002eb   Thumb Code     0  libinit2.o(.ARM.Collect$$libinit$$0000000C)
    __rt_lib_init_lc_collate_1               0x080002f1   Thumb Code     0  libinit2.o(.ARM.Collect$$libinit$$00000011)
    __rt_lib_init_lc_ctype_2                 0x080002f1   Thumb Code     0  libinit2.o(.ARM.Collect$$libinit$$00000012)
    __rt_lib_init_lc_ctype_1                 0x080002fd   Thumb Code     0  libinit2.o(.ARM.Collect$$libinit$$00000013)
    __rt_lib_init_lc_monetary_1              0x080002fd   Thumb Code     0  libinit2.o(.ARM.Collect$$libinit$$00000015)
    __rt_lib_init_lc_numeric_2               0x080002fd   Thumb Code     0  libinit2.o(.ARM.Collect$$libinit$$00000016)
    __rt_lib_init_alloca_1                   0x08000307   Thumb Code     0  libinit2.o(.ARM.Collect$$libinit$$0000002E)
    __rt_lib_init_argv_1                     0x08000307   Thumb Code     0  libinit2.o(.ARM.Collect$$libinit$$0000002C)
    __rt_lib_init_atexit_1                   0x08000307   Thumb Code     0  libinit2.o(.ARM.Collect$$libinit$$0000001B)
    __rt_lib_init_clock_1                    0x08000307   Thumb Code     0  libinit2.o(.ARM.Collect$$libinit$$00000021)
    __rt_lib_init_cpp_1                      0x08000307   Thumb Code     0  libinit2.o(.ARM.Collect$$libinit$$00000032)
    __rt_lib_init_exceptions_1               0x08000307   Thumb Code     0  libinit2.o(.ARM.Collect$$libinit$$00000030)
    __rt_lib_init_fp_trap_1                  0x08000307   Thumb Code     0  libinit2.o(.ARM.Collect$$libinit$$0000001F)
    __rt_lib_init_getenv_1                   0x08000307   Thumb Code     0  libinit2.o(.ARM.Collect$$libinit$$00000023)
    __rt_lib_init_lc_numeric_1               0x08000307   Thumb Code     0  libinit2.o(.ARM.Collect$$libinit$$00000017)
    __rt_lib_init_lc_time_1                  0x08000307   Thumb Code     0  libinit2.o(.ARM.Collect$$libinit$$00000019)
    __rt_lib_init_return                     0x08000307   Thumb Code     0  libinit2.o(.ARM.Collect$$libinit$$00000033)
    __rt_lib_init_signal_1                   0x08000307   Thumb Code     0  libinit2.o(.ARM.Collect$$libinit$$0000001D)
    __rt_lib_init_stdio_1                    0x08000307   Thumb Code     0  libinit2.o(.ARM.Collect$$libinit$$00000025)
    __rt_lib_shutdown                        0x08000309   Thumb Code     0  libshutdown.o(.ARM.Collect$$libshutdown$$00000000)
    __rt_lib_shutdown_cpp_1                  0x0800030b   Thumb Code     0  libshutdown2.o(.ARM.Collect$$libshutdown$$00000002)
    __rt_lib_shutdown_fp_trap_1              0x0800030b   Thumb Code     0  libshutdown2.o(.ARM.Collect$$libshutdown$$00000007)
    __rt_lib_shutdown_heap_1                 0x0800030b   Thumb Code     0  libshutdown2.o(.ARM.Collect$$libshutdown$$0000000F)
    __rt_lib_shutdown_return                 0x0800030b   Thumb Code     0  libshutdown2.o(.ARM.Collect$$libshutdown$$00000010)
    __rt_lib_shutdown_signal_1               0x0800030b   Thumb Code     0  libshutdown2.o(.ARM.Collect$$libshutdown$$0000000A)
    __rt_lib_shutdown_stdio_1                0x0800030b   Thumb Code     0  libshutdown2.o(.ARM.Collect$$libshutdown$$00000004)
    __rt_lib_shutdown_user_alloc_1           0x0800030b   Thumb Code     0  libshutdown2.o(.ARM.Collect$$libshutdown$$0000000C)
    __rt_entry                               0x0800030d   Thumb Code     0  __rtentry.o(.ARM.Collect$$rtentry$$00000000)
    __rt_entry_presh_1                       0x0800030d   Thumb Code     0  __rtentry2.o(.ARM.Collect$$rtentry$$00000002)
    __rt_entry_sh                            0x0800030d   Thumb Code     0  __rtentry4.o(.ARM.Collect$$rtentry$$00000004)
    __rt_entry_li                            0x08000313   Thumb Code     0  __rtentry2.o(.ARM.Collect$$rtentry$$0000000A)
    __rt_entry_postsh_1                      0x08000313   Thumb Code     0  __rtentry2.o(.ARM.Collect$$rtentry$$00000009)
    __rt_entry_main                          0x08000317   Thumb Code     0  __rtentry2.o(.ARM.Collect$$rtentry$$0000000D)
    __rt_entry_postli_1                      0x08000317   Thumb Code     0  __rtentry2.o(.ARM.Collect$$rtentry$$0000000C)
    __rt_exit                                0x0800031f   Thumb Code     0  rtexit.o(.ARM.Collect$$rtexit$$00000000)
    __rt_exit_ls                             0x08000321   Thumb Code     0  rtexit2.o(.ARM.Collect$$rtexit$$00000003)
    __rt_exit_prels_1                        0x08000321   Thumb Code     0  rtexit2.o(.ARM.Collect$$rtexit$$00000002)
    __rt_exit_exit                           0x08000325   Thumb Code     0  rtexit2.o(.ARM.Collect$$rtexit$$00000004)
    Reset_Handler                            0x0800032d   Thumb Code     8  startup_stm32g431xx.o(.text)
    _maybe_terminate_alloc                   0x0800032d   Thumb Code     0  maybetermalloc1.o(.emb_text)
    ADC1_2_IRQHandler                        0x08000347   Thumb Code     0  startup_stm32g431xx.o(.text)
    COMP1_2_3_IRQHandler                     0x08000347   Thumb Code     0  startup_stm32g431xx.o(.text)
    COMP4_IRQHandler                         0x08000347   Thumb Code     0  startup_stm32g431xx.o(.text)
    CORDIC_IRQHandler                        0x08000347   Thumb Code     0  startup_stm32g431xx.o(.text)
    CRS_IRQHandler                           0x08000347   Thumb Code     0  startup_stm32g431xx.o(.text)
    DMA1_Channel2_IRQHandler                 0x08000347   Thumb Code     0  startup_stm32g431xx.o(.text)
    DMA1_Channel3_IRQHandler                 0x08000347   Thumb Code     0  startup_stm32g431xx.o(.text)
    DMA1_Channel4_IRQHandler                 0x08000347   Thumb Code     0  startup_stm32g431xx.o(.text)
    DMA1_Channel5_IRQHandler                 0x08000347   Thumb Code     0  startup_stm32g431xx.o(.text)
    DMA1_Channel6_IRQHandler                 0x08000347   Thumb Code     0  startup_stm32g431xx.o(.text)
    DMA2_Channel1_IRQHandler                 0x08000347   Thumb Code     0  startup_stm32g431xx.o(.text)
    DMA2_Channel2_IRQHandler                 0x08000347   Thumb Code     0  startup_stm32g431xx.o(.text)
    DMA2_Channel3_IRQHandler                 0x08000347   Thumb Code     0  startup_stm32g431xx.o(.text)
    DMA2_Channel4_IRQHandler                 0x08000347   Thumb Code     0  startup_stm32g431xx.o(.text)
    DMA2_Channel5_IRQHandler                 0x08000347   Thumb Code     0  startup_stm32g431xx.o(.text)
    DMA2_Channel6_IRQHandler                 0x08000347   Thumb Code     0  startup_stm32g431xx.o(.text)
    DMAMUX_OVR_IRQHandler                    0x08000347   Thumb Code     0  startup_stm32g431xx.o(.text)
    EXTI0_IRQHandler                         0x08000347   Thumb Code     0  startup_stm32g431xx.o(.text)
    EXTI15_10_IRQHandler                     0x08000347   Thumb Code     0  startup_stm32g431xx.o(.text)
    EXTI1_IRQHandler                         0x08000347   Thumb Code     0  startup_stm32g431xx.o(.text)
    EXTI2_IRQHandler                         0x08000347   Thumb Code     0  startup_stm32g431xx.o(.text)
    EXTI3_IRQHandler                         0x08000347   Thumb Code     0  startup_stm32g431xx.o(.text)
    EXTI4_IRQHandler                         0x08000347   Thumb Code     0  startup_stm32g431xx.o(.text)
    EXTI9_5_IRQHandler                       0x08000347   Thumb Code     0  startup_stm32g431xx.o(.text)
    FDCAN1_IT0_IRQHandler                    0x08000347   Thumb Code     0  startup_stm32g431xx.o(.text)
    FDCAN1_IT1_IRQHandler                    0x08000347   Thumb Code     0  startup_stm32g431xx.o(.text)
    FLASH_IRQHandler                         0x08000347   Thumb Code     0  startup_stm32g431xx.o(.text)
    FMAC_IRQHandler                          0x08000347   Thumb Code     0  startup_stm32g431xx.o(.text)
    FPU_IRQHandler                           0x08000347   Thumb Code     0  startup_stm32g431xx.o(.text)
    I2C1_ER_IRQHandler                       0x08000347   Thumb Code     0  startup_stm32g431xx.o(.text)
    I2C1_EV_IRQHandler                       0x08000347   Thumb Code     0  startup_stm32g431xx.o(.text)
    I2C2_ER_IRQHandler                       0x08000347   Thumb Code     0  startup_stm32g431xx.o(.text)
    I2C2_EV_IRQHandler                       0x08000347   Thumb Code     0  startup_stm32g431xx.o(.text)
    I2C3_ER_IRQHandler                       0x08000347   Thumb Code     0  startup_stm32g431xx.o(.text)
    I2C3_EV_IRQHandler                       0x08000347   Thumb Code     0  startup_stm32g431xx.o(.text)
    LPTIM1_IRQHandler                        0x08000347   Thumb Code     0  startup_stm32g431xx.o(.text)
    LPUART1_IRQHandler                       0x08000347   Thumb Code     0  startup_stm32g431xx.o(.text)
    PVD_PVM_IRQHandler                       0x08000347   Thumb Code     0  startup_stm32g431xx.o(.text)
    RCC_IRQHandler                           0x08000347   Thumb Code     0  startup_stm32g431xx.o(.text)
    RNG_IRQHandler                           0x08000347   Thumb Code     0  startup_stm32g431xx.o(.text)
    RTC_Alarm_IRQHandler                     0x08000347   Thumb Code     0  startup_stm32g431xx.o(.text)
    RTC_TAMP_LSECSS_IRQHandler               0x08000347   Thumb Code     0  startup_stm32g431xx.o(.text)
    RTC_WKUP_IRQHandler                      0x08000347   Thumb Code     0  startup_stm32g431xx.o(.text)
    SAI1_IRQHandler                          0x08000347   Thumb Code     0  startup_stm32g431xx.o(.text)
    SPI1_IRQHandler                          0x08000347   Thumb Code     0  startup_stm32g431xx.o(.text)
    SPI2_IRQHandler                          0x08000347   Thumb Code     0  startup_stm32g431xx.o(.text)
    SPI3_IRQHandler                          0x08000347   Thumb Code     0  startup_stm32g431xx.o(.text)
    TIM1_BRK_TIM15_IRQHandler                0x08000347   Thumb Code     0  startup_stm32g431xx.o(.text)
    TIM1_CC_IRQHandler                       0x08000347   Thumb Code     0  startup_stm32g431xx.o(.text)
    TIM1_TRG_COM_TIM17_IRQHandler            0x08000347   Thumb Code     0  startup_stm32g431xx.o(.text)
    TIM1_UP_TIM16_IRQHandler                 0x08000347   Thumb Code     0  startup_stm32g431xx.o(.text)
    TIM2_IRQHandler                          0x08000347   Thumb Code     0  startup_stm32g431xx.o(.text)
    TIM3_IRQHandler                          0x08000347   Thumb Code     0  startup_stm32g431xx.o(.text)
    TIM4_IRQHandler                          0x08000347   Thumb Code     0  startup_stm32g431xx.o(.text)
    TIM6_DAC_IRQHandler                      0x08000347   Thumb Code     0  startup_stm32g431xx.o(.text)
    TIM7_IRQHandler                          0x08000347   Thumb Code     0  startup_stm32g431xx.o(.text)
    TIM8_BRK_IRQHandler                      0x08000347   Thumb Code     0  startup_stm32g431xx.o(.text)
    TIM8_CC_IRQHandler                       0x08000347   Thumb Code     0  startup_stm32g431xx.o(.text)
    TIM8_TRG_COM_IRQHandler                  0x08000347   Thumb Code     0  startup_stm32g431xx.o(.text)
    TIM8_UP_IRQHandler                       0x08000347   Thumb Code     0  startup_stm32g431xx.o(.text)
    UART4_IRQHandler                         0x08000347   Thumb Code     0  startup_stm32g431xx.o(.text)
    UCPD1_IRQHandler                         0x08000347   Thumb Code     0  startup_stm32g431xx.o(.text)
    USART1_IRQHandler                        0x08000347   Thumb Code     0  startup_stm32g431xx.o(.text)
    USART2_IRQHandler                        0x08000347   Thumb Code     0  startup_stm32g431xx.o(.text)
    USART3_IRQHandler                        0x08000347   Thumb Code     0  startup_stm32g431xx.o(.text)
    USBWakeUp_IRQHandler                     0x08000347   Thumb Code     0  startup_stm32g431xx.o(.text)
    USB_HP_IRQHandler                        0x08000347   Thumb Code     0  startup_stm32g431xx.o(.text)
    USB_LP_IRQHandler                        0x08000347   Thumb Code     0  startup_stm32g431xx.o(.text)
    WWDG_IRQHandler                          0x08000347   Thumb Code     0  startup_stm32g431xx.o(.text)
    __user_initial_stackheap                 0x08000349   Thumb Code     0  startup_stm32g431xx.o(.text)
    malloc                                   0x0800036d   Thumb Code    94  h1_alloc.o(.text)
    free                                     0x080003cb   Thumb Code    78  h1_free.o(.text)
    __aeabi_uldivmod                         0x08000419   Thumb Code     0  lludivv7m.o(.text)
    _ll_udiv                                 0x08000419   Thumb Code   238  lludivv7m.o(.text)
    vsprintf                                 0x08000509   Thumb Code    32  vsprintf.o(.text)
    __aeabi_memclr                           0x0800052d   Thumb Code     0  rt_memclr.o(.text)
    __rt_memclr                              0x0800052d   Thumb Code    68  rt_memclr.o(.text)
    _memset                                  0x08000531   Thumb Code     0  rt_memclr.o(.text)
    __aeabi_memclr4                          0x08000571   Thumb Code     0  rt_memclr_w.o(.text)
    __aeabi_memclr8                          0x08000571   Thumb Code     0  rt_memclr_w.o(.text)
    __rt_memclr_w                            0x08000571   Thumb Code    78  rt_memclr_w.o(.text)
    _memset_w                                0x08000575   Thumb Code     0  rt_memclr_w.o(.text)
    __use_two_region_memory                  0x080005bf   Thumb Code     2  heapauxi.o(.text)
    __rt_heap_escrow                         0x080005c1   Thumb Code     2  heapauxi.o(.text)
    __rt_heap_expand                         0x080005c3   Thumb Code     2  heapauxi.o(.text)
    __rt_heap_descriptor                     0x080005c5   Thumb Code     8  rt_heap_descriptor_intlibspace.o(.text)
    __use_no_heap                            0x080005cd   Thumb Code     2  hguard.o(.text)
    __heap$guard                             0x080005cf   Thumb Code     2  hguard.o(.text)
    _terminate_user_alloc                    0x080005d1   Thumb Code     2  init_alloc.o(.text)
    _init_user_alloc                         0x080005d3   Thumb Code     2  init_alloc.o(.text)
    __Heap_Full                              0x080005d5   Thumb Code    34  init_alloc.o(.text)
    __Heap_Broken                            0x080005f7   Thumb Code     6  init_alloc.o(.text)
    _init_alloc                              0x080005fd   Thumb Code    94  init_alloc.o(.text)
    __Heap_Initialize                        0x0800065b   Thumb Code    10  h1_init.o(.text)
    __Heap_DescSize                          0x08000665   Thumb Code     4  h1_init.o(.text)
    _printf_pre_padding                      0x08000669   Thumb Code    44  _printf_pad.o(.text)
    _printf_post_padding                     0x08000695   Thumb Code    34  _printf_pad.o(.text)
    _printf_truncate_signed                  0x080006b7   Thumb Code    18  _printf_truncate.o(.text)
    _printf_truncate_unsigned                0x080006c9   Thumb Code    18  _printf_truncate.o(.text)
    _printf_str                              0x080006db   Thumb Code    82  _printf_str.o(.text)
    _printf_int_dec                          0x0800072d   Thumb Code   104  _printf_dec.o(.text)
    _printf_charcount                        0x080007a5   Thumb Code    40  _printf_charcount.o(.text)
    _printf_char_common                      0x080007d7   Thumb Code    32  _printf_char_common.o(.text)
    _sputc                                   0x080007fd   Thumb Code    10  _sputc.o(.text)
    _printf_wctomb                           0x08000809   Thumb Code   182  _printf_wctomb.o(.text)
    _printf_longlong_dec                     0x080008c5   Thumb Code   108  _printf_longlong_dec.o(.text)
    _printf_longlong_oct                     0x08000941   Thumb Code    66  _printf_oct_int_ll.o(.text)
    _printf_int_oct                          0x08000983   Thumb Code    24  _printf_oct_int_ll.o(.text)
    _printf_ll_oct                           0x0800099b   Thumb Code    12  _printf_oct_int_ll.o(.text)
    _printf_longlong_hex                     0x080009b1   Thumb Code    86  _printf_hex_int_ll_ptr.o(.text)
    _printf_int_hex                          0x08000a07   Thumb Code    28  _printf_hex_int_ll_ptr.o(.text)
    _printf_ll_hex                           0x08000a23   Thumb Code    12  _printf_hex_int_ll_ptr.o(.text)
    _printf_hex_ptr                          0x08000a2f   Thumb Code    18  _printf_hex_int_ll_ptr.o(.text)
    __printf                                 0x08000a45   Thumb Code   388  __printf_flags_ss_wp.o(.text)
    __user_libspace                          0x08000bcd   Thumb Code     8  libspace.o(.text)
    __user_perproc_libspace                  0x08000bcd   Thumb Code     0  libspace.o(.text)
    __user_perthread_libspace                0x08000bcd   Thumb Code     0  libspace.o(.text)
    __Heap_ProvideMemory                     0x08000bd5   Thumb Code    52  h1_extend.o(.text)
    _ll_udiv10                               0x08000c09   Thumb Code   138  lludiv10.o(.text)
    _printf_int_common                       0x08000c93   Thumb Code   178  _printf_intcommon.o(.text)
    __lib_sel_fp_printf                      0x08000d45   Thumb Code     2  _printf_fp_dec.o(.text)
    _printf_fp_dec_real                      0x08000ef7   Thumb Code   620  _printf_fp_dec.o(.text)
    _printf_fp_hex_real                      0x08001165   Thumb Code   756  _printf_fp_hex.o(.text)
    _printf_cs_common                        0x08001461   Thumb Code    20  _printf_char.o(.text)
    _printf_char                             0x08001475   Thumb Code    16  _printf_char.o(.text)
    _printf_string                           0x08001485   Thumb Code     8  _printf_char.o(.text)
    _printf_lcs_common                       0x0800148d   Thumb Code    20  _printf_wchar.o(.text)
    _printf_wchar                            0x080014a1   Thumb Code    16  _printf_wchar.o(.text)
    _printf_wstring                          0x080014b1   Thumb Code     8  _printf_wchar.o(.text)
    _wcrtomb                                 0x080014b9   Thumb Code    64  _wcrtomb.o(.text)
    __rt_SIGRTMEM                            0x080014f9   Thumb Code    14  defsig_rtmem_outer.o(.text)
    __I$use$semihosting                      0x08001507   Thumb Code     0  use_no_semi.o(.text)
    __use_no_semihosting_swi                 0x08001507   Thumb Code     2  use_no_semi.o(.text)
    __semihosting_library_function           0x08001509   Thumb Code     0  indicate_semi.o(.text)
    __user_setup_stackheap                   0x08001509   Thumb Code    74  sys_stackheap_outer.o(.text)
    __rt_ctype_table                         0x08001555   Thumb Code    16  rt_ctype_table.o(.text)
    __rt_locale                              0x08001565   Thumb Code     8  rt_locale_intlibspace.o(.text)
    _printf_fp_infnan                        0x0800156d   Thumb Code   112  _printf_fp_infnan.o(.text)
    _btod_etento                             0x080015ed   Thumb Code   224  bigflt0.o(.text)
    exit                                     0x080016d1   Thumb Code    18  exit.o(.text)
    __sig_exit                               0x080016e3   Thumb Code    10  defsig_exit.o(.text)
    __rt_SIGRTMEM_inner                      0x080016ed   Thumb Code    22  defsig_rtmem_inner.o(.text)
    _sys_exit                                0x0800173d   Thumb Code     8  sys_exit.o(.text)
    __default_signal_display                 0x08001749   Thumb Code    50  defsig_general.o(.text)
    strcmp                                   0x0800177d   Thumb Code   128  strcmpv7m.o(.text)
    _ttywrch                                 0x080017fd   Thumb Code    14  sys_wrch.o(.text)
    _btod_d2e                                0x0800180b   Thumb Code    62  btod.o(CL$$btod_d2e)
    _d2e_denorm_low                          0x08001849   Thumb Code    70  btod.o(CL$$btod_d2e_denorm_low)
    _d2e_norm_op1                            0x0800188f   Thumb Code    96  btod.o(CL$$btod_d2e_norm_op1)
    __btod_div_common                        0x080018ef   Thumb Code   696  btod.o(CL$$btod_div_common)
    _e2e                                     0x08001c27   Thumb Code   220  btod.o(CL$$btod_e2e)
    _btod_ediv                               0x08001d03   Thumb Code    42  btod.o(CL$$btod_ediv)
    _btod_emul                               0x08001d2d   Thumb Code    42  btod.o(CL$$btod_emul)
    __btod_mult_common                       0x08001d57   Thumb Code   580  btod.o(CL$$btod_mult_common)
    BusFault_Handler                         0x08001f9b   Thumb Code     2  stm32g4xx_it.o(i.BusFault_Handler)
    DMA1_Channel1_IRQHandler                 0x08001f9d   Thumb Code     6  stm32g4xx_it.o(i.DMA1_Channel1_IRQHandler)
    DebugMon_Handler                         0x0800200d   Thumb Code     2  stm32g4xx_it.o(i.DebugMon_Handler)
    Error_Handler                            0x0800200f   Thumb Code     4  main.o(i.Error_Handler)
    HAL_ADCEx_MultiModeConfigChannel         0x08002015   Thumb Code   208  stm32g4xx_hal_adc_ex.o(i.HAL_ADCEx_MultiModeConfigChannel)
    HAL_ADC_ConfigChannel                    0x080020ed   Thumb Code  1006  stm32g4xx_hal_adc.o(i.HAL_ADC_ConfigChannel)
    HAL_ADC_Init                             0x08002511   Thumb Code   466  stm32g4xx_hal_adc.o(i.HAL_ADC_Init)
    HAL_ADC_MspInit                          0x08002705   Thumb Code   112  adc.o(i.HAL_ADC_MspInit)
    HAL_DMA_IRQHandler                       0x08002779   Thumb Code   186  stm32g4xx_hal_dma.o(i.HAL_DMA_IRQHandler)
    HAL_DMA_Init                             0x08002835   Thumb Code   178  stm32g4xx_hal_dma.o(i.HAL_DMA_Init)
    HAL_Delay                                0x080028f5   Thumb Code    32  stm32g4xx_hal.o(i.HAL_Delay)
    HAL_FDCAN_Init                           0x08002919   Thumb Code   498  stm32g4xx_hal_fdcan.o(i.HAL_FDCAN_Init)
    HAL_FDCAN_MspInit                        0x08002b1d   Thumb Code   116  fdcan.o(i.HAL_FDCAN_MspInit)
    HAL_GPIO_Init                            0x08002b99   Thumb Code   550  stm32g4xx_hal_gpio.o(i.HAL_GPIO_Init)
    HAL_GPIO_WritePin                        0x08002de1   Thumb Code    10  stm32g4xx_hal_gpio.o(i.HAL_GPIO_WritePin)
    HAL_GetTick                              0x08002ded   Thumb Code     6  stm32g4xx_hal.o(i.HAL_GetTick)
    HAL_I2CEx_ConfigAnalogFilter             0x08002df9   Thumb Code    86  stm32g4xx_hal_i2c_ex.o(i.HAL_I2CEx_ConfigAnalogFilter)
    HAL_I2CEx_ConfigDigitalFilter            0x08002e4f   Thumb Code    82  stm32g4xx_hal_i2c_ex.o(i.HAL_I2CEx_ConfigDigitalFilter)
    HAL_I2C_Init                             0x08002ea1   Thumb Code   184  stm32g4xx_hal_i2c.o(i.HAL_I2C_Init)
    HAL_I2C_MspInit                          0x08002f5d   Thumb Code   150  i2c.o(i.HAL_I2C_MspInit)
    HAL_IncTick                              0x08003001   Thumb Code    12  stm32g4xx_hal.o(i.HAL_IncTick)
    HAL_Init                                 0x08003011   Thumb Code    30  stm32g4xx_hal.o(i.HAL_Init)
    HAL_InitTick                             0x08003031   Thumb Code    58  stm32g4xx_hal.o(i.HAL_InitTick)
    HAL_MspInit                              0x08003075   Thumb Code    42  stm32g4xx_hal_msp.o(i.HAL_MspInit)
    HAL_NVIC_EnableIRQ                       0x080030a5   Thumb Code    26  stm32g4xx_hal_cortex.o(i.HAL_NVIC_EnableIRQ)
    HAL_NVIC_SetPriority                     0x080030c1   Thumb Code    60  stm32g4xx_hal_cortex.o(i.HAL_NVIC_SetPriority)
    HAL_NVIC_SetPriorityGrouping             0x08003101   Thumb Code    26  stm32g4xx_hal_cortex.o(i.HAL_NVIC_SetPriorityGrouping)
    HAL_PWREx_ControlVoltageScaling          0x08003125   Thumb Code   174  stm32g4xx_hal_pwr_ex.o(i.HAL_PWREx_ControlVoltageScaling)
    HAL_PWREx_DisableUCPDDeadBattery         0x080031e1   Thumb Code    12  stm32g4xx_hal_pwr_ex.o(i.HAL_PWREx_DisableUCPDDeadBattery)
    HAL_RCCEx_PeriphCLKConfig                0x080031f1   Thumb Code   638  stm32g4xx_hal_rcc_ex.o(i.HAL_RCCEx_PeriphCLKConfig)
    HAL_RCC_ClockConfig                      0x08003479   Thumb Code   444  stm32g4xx_hal_rcc.o(i.HAL_RCC_ClockConfig)
    HAL_RCC_GetPCLK1Freq                     0x08003655   Thumb Code    24  stm32g4xx_hal_rcc.o(i.HAL_RCC_GetPCLK1Freq)
    HAL_RCC_GetPCLK2Freq                     0x08003679   Thumb Code    24  stm32g4xx_hal_rcc.o(i.HAL_RCC_GetPCLK2Freq)
    HAL_RCC_GetSysClockFreq                  0x0800369d   Thumb Code    98  stm32g4xx_hal_rcc.o(i.HAL_RCC_GetSysClockFreq)
    HAL_RCC_OscConfig                        0x08003709   Thumb Code  1028  stm32g4xx_hal_rcc.o(i.HAL_RCC_OscConfig)
    HAL_SPI_Init                             0x08003b0d   Thumb Code   234  stm32g4xx_hal_spi.o(i.HAL_SPI_Init)
    HAL_SPI_MspInit                          0x08003bf9   Thumb Code   194  spi.o(i.HAL_SPI_MspInit)
    HAL_SPI_Transmit                         0x08003cd5   Thumb Code   398  stm32g4xx_hal_spi.o(i.HAL_SPI_Transmit)
    HAL_SYSTICK_Config                       0x08003e63   Thumb Code    40  stm32g4xx_hal_cortex.o(i.HAL_SYSTICK_Config)
    HAL_TIMEx_ConfigBreakDeadTime            0x08003e8d   Thumb Code   148  stm32g4xx_hal_tim_ex.o(i.HAL_TIMEx_ConfigBreakDeadTime)
    HAL_TIMEx_MasterConfigSynchronization    0x08003f29   Thumb Code   132  stm32g4xx_hal_tim_ex.o(i.HAL_TIMEx_MasterConfigSynchronization)
    HAL_TIM_Base_Init                        0x08003fc5   Thumb Code    98  stm32g4xx_hal_tim.o(i.HAL_TIM_Base_Init)
    HAL_TIM_Base_MspInit                     0x08004029   Thumb Code    30  tim.o(i.HAL_TIM_Base_MspInit)
    HAL_TIM_ConfigClockSource                0x08004051   Thumb Code   246  stm32g4xx_hal_tim.o(i.HAL_TIM_ConfigClockSource)
    HAL_TIM_MspPostInit                      0x08004151   Thumb Code    74  tim.o(i.HAL_TIM_MspPostInit)
    HAL_TIM_OC_ConfigChannel                 0x080041a5   Thumb Code   110  stm32g4xx_hal_tim.o(i.HAL_TIM_OC_ConfigChannel)
    HAL_TIM_OC_Init                          0x08004213   Thumb Code    98  stm32g4xx_hal_tim.o(i.HAL_TIM_OC_Init)
    HAL_TIM_OC_MspInit                       0x08004275   Thumb Code     2  stm32g4xx_hal_tim.o(i.HAL_TIM_OC_MspInit)
    HAL_TIM_PWM_ConfigChannel                0x08004277   Thumb Code   292  stm32g4xx_hal_tim.o(i.HAL_TIM_PWM_ConfigChannel)
    HAL_TIM_PWM_Init                         0x0800439b   Thumb Code    98  stm32g4xx_hal_tim.o(i.HAL_TIM_PWM_Init)
    HAL_TIM_PWM_MspInit                      0x080043fd   Thumb Code     2  stm32g4xx_hal_tim.o(i.HAL_TIM_PWM_MspInit)
    HAL_UARTEx_DisableFifoMode               0x080043ff   Thumb Code    62  stm32g4xx_hal_uart_ex.o(i.HAL_UARTEx_DisableFifoMode)
    HAL_UARTEx_SetRxFifoThreshold            0x0800443d   Thumb Code    76  stm32g4xx_hal_uart_ex.o(i.HAL_UARTEx_SetRxFifoThreshold)
    HAL_UARTEx_SetTxFifoThreshold            0x08004489   Thumb Code    76  stm32g4xx_hal_uart_ex.o(i.HAL_UARTEx_SetTxFifoThreshold)
    HAL_UART_Init                            0x080044d5   Thumb Code   106  stm32g4xx_hal_uart.o(i.HAL_UART_Init)
    HAL_UART_MspInit                         0x08004541   Thumb Code   270  usart.o(i.HAL_UART_MspInit)
    HardFault_Handler                        0x08004669   Thumb Code     2  stm32g4xx_it.o(i.HardFault_Handler)
    MX_ADC1_Init                             0x080046bd   Thumb Code   136  adc.o(i.MX_ADC1_Init)
    MX_DMA_Init                              0x0800474d   Thumb Code    56  dma.o(i.MX_DMA_Init)
    MX_FDCAN1_Init                           0x08004789   Thumb Code    68  fdcan.o(i.MX_FDCAN1_Init)
    MX_GPIO_Init                             0x080047d5   Thumb Code   226  gpio.o(i.MX_GPIO_Init)
    MX_I2C1_Init                             0x080048c5   Thumb Code    76  i2c.o(i.MX_I2C1_Init)
    MX_SPI1_Init                             0x0800491d   Thumb Code    76  spi.o(i.MX_SPI1_Init)
    MX_SPI2_Init                             0x08004971   Thumb Code    76  spi.o(i.MX_SPI2_Init)
    MX_TIM1_Init                             0x080049c5   Thumb Code   254  tim.o(i.MX_TIM1_Init)
    MX_UART4_Init                            0x08004acd   Thumb Code    94  usart.o(i.MX_UART4_Init)
    MX_USART2_UART_Init                      0x08004b35   Thumb Code    94  usart.o(i.MX_USART2_UART_Init)
    MX_USART3_UART_Init                      0x08004b9d   Thumb Code    92  usart.o(i.MX_USART3_UART_Init)
    MemManage_Handler                        0x08004c05   Thumb Code     2  stm32g4xx_it.o(i.MemManage_Handler)
    NMI_Handler                              0x08004c07   Thumb Code     2  stm32g4xx_it.o(i.NMI_Handler)
    OLED_Init                                0x08004c09   Thumb Code    38  oled_drv.o(i.OLED_Init)
    OLED_circle                              0x08004c41   Thumb Code    20  oled_drv.o(i.OLED_circle)
    OLED_printf                              0x08004c59   Thumb Code    74  oled_drv.o(i.OLED_printf)
    PendSV_Handler                           0x08004cad   Thumb Code     2  stm32g4xx_it.o(i.PendSV_Handler)
    SVC_Handler                              0x08004e91   Thumb Code     2  stm32g4xx_it.o(i.SVC_Handler)
    SysTick_Handler                          0x08004e93   Thumb Code     4  stm32g4xx_it.o(i.SysTick_Handler)
    SystemClock_Config                       0x08004e97   Thumb Code   100  main.o(i.SystemClock_Config)
    SystemInit                               0x08004efd   Thumb Code    12  system_stm32g4xx.o(i.SystemInit)
    TIM_Base_SetConfig                       0x08004f0d   Thumb Code   160  stm32g4xx_hal_tim.o(i.TIM_Base_SetConfig)
    TIM_ETR_SetConfig                        0x08004fc9   Thumb Code    20  stm32g4xx_hal_tim.o(i.TIM_ETR_SetConfig)
    TIM_OC2_SetConfig                        0x0800508d   Thumb Code   120  stm32g4xx_hal_tim.o(i.TIM_OC2_SetConfig)
    UART_AdvFeatureConfig                    0x080053a9   Thumb Code   200  stm32g4xx_hal_uart.o(i.UART_AdvFeatureConfig)
    UART_CheckIdleState                      0x08005471   Thumb Code   172  stm32g4xx_hal_uart.o(i.UART_CheckIdleState)
    UART_SetConfig                           0x08005571   Thumb Code   582  stm32g4xx_hal_uart.o(i.UART_SetConfig)
    UART_WaitOnFlagUntilTimeout              0x080057e5   Thumb Code   148  stm32g4xx_hal_uart.o(i.UART_WaitOnFlagUntilTimeout)
    UsageFault_Handler                       0x08005879   Thumb Code     2  stm32g4xx_it.o(i.UsageFault_Handler)
    __ARM_fpclassify                         0x0800587b   Thumb Code    48  fpclassify.o(i.__ARM_fpclassify)
    _is_digit                                0x080058cb   Thumb Code    14  __printf_wp.o(i._is_digit)
    main                                     0x080058d9   Thumb Code   264  main.o(i.main)
    u8g2_ClearBuffer                         0x08005a21   Thumb Code    20  u8g2_buffer.o(i.u8g2_ClearBuffer)
    u8g2_DrawCircle                          0x08005a35   Thumb Code    64  u8g2_circle.o(i.u8g2_DrawCircle)
    u8g2_DrawGlyph                           0x08005a75   Thumb Code   112  u8g2_font.o(i.u8g2_DrawGlyph)
    u8g2_DrawHVLine                          0x08005ae5   Thumb Code   172  u8g2_hvline.o(i.u8g2_DrawHVLine)
    u8g2_DrawPixel                           0x08005b91   Thumb Code    46  u8g2_hvline.o(i.u8g2_DrawPixel)
    u8g2_DrawStr                             0x08005bc1   Thumb Code    12  u8g2_font.o(i.u8g2_DrawStr)
    u8g2_IsIntersection                      0x08005bd1   Thumb Code    48  u8g2_intersection.o(i.u8g2_IsIntersection)
    u8g2_SendBuffer                          0x08005c01   Thumb Code    18  u8g2_buffer.o(i.u8g2_SendBuffer)
    u8g2_SetFont                             0x08005c13   Thumb Code    32  u8g2_font.o(i.u8g2_SetFont)
    u8g2_SetFontPosBaseline                  0x08005c35   Thumb Code     6  u8g2_font.o(i.u8g2_SetFontPosBaseline)
    u8g2_SetMaxClipWindow                    0x08005c41   Thumb Code    28  u8g2_setup.o(i.u8g2_SetMaxClipWindow)
    u8g2_SetupBuffer                         0x08005c5d   Thumb Code    70  u8g2_setup.o(i.u8g2_SetupBuffer)
    u8g2_Setup_ssd1306_128x64_noname_f       0x08005ca5   Thumb Code    42  u8g2_d_setup.o(i.u8g2_Setup_ssd1306_128x64_noname_f)
    u8g2_UpdateRefHeight                     0x08005cdd   Thumb Code    82  u8g2_font.o(i.u8g2_UpdateRefHeight)
    u8g2_add_vector_x                        0x08005d2f   Thumb Code    28  u8g2_font.o(i.u8g2_add_vector_x)
    u8g2_add_vector_y                        0x08005d4b   Thumb Code    28  u8g2_font.o(i.u8g2_add_vector_y)
    u8g2_draw_hv_line_2dir                   0x08005f35   Thumb Code    18  u8g2_hvline.o(i.u8g2_draw_hv_line_2dir)
    u8g2_draw_l90_r1                         0x08005f47   Thumb Code    42  u8g2_setup.o(i.u8g2_draw_l90_r1)
    u8g2_font_calc_vref_font                 0x08005fe7   Thumb Code     4  u8g2_font.o(i.u8g2_font_calc_vref_font)
    u8g2_font_decode_get_signed_bits         0x08005feb   Thumb Code    20  u8g2_font.o(i.u8g2_font_decode_get_signed_bits)
    u8g2_font_decode_get_unsigned_bits       0x08005fff   Thumb Code    52  u8g2_font.o(i.u8g2_font_decode_get_unsigned_bits)
    u8g2_font_decode_glyph                   0x08006035   Thumb Code   276  u8g2_font.o(i.u8g2_font_decode_glyph)
    u8g2_font_decode_len                     0x08006149   Thumb Code   140  u8g2_font.o(i.u8g2_font_decode_len)
    u8g2_font_get_glyph_data                 0x080061d5   Thumb Code   114  u8g2_font.o(i.u8g2_font_get_glyph_data)
    u8g2_is_intersection_decision_tree       0x0800628f   Thumb Code    24  u8g2_intersection.o(i.u8g2_is_intersection_decision_tree)
    u8g2_ll_hvline_vertical_top_lsb          0x080062a9   Thumb Code   144  u8g2_ll_hvline.o(i.u8g2_ll_hvline_vertical_top_lsb)
    u8g2_m_16_8_f                            0x08006339   Thumb Code     8  u8g2_d_memory.o(i.u8g2_m_16_8_f)
    u8g2_read_font_info                      0x08006345   Thumb Code   106  u8g2_font.o(i.u8g2_read_font_info)
    u8g2_update_dimension_r1                 0x08006443   Thumb Code    24  u8g2_setup.o(i.u8g2_update_dimension_r1)
    u8g2_update_page_win_r1                  0x0800645b   Thumb Code    34  u8g2_setup.o(i.u8g2_update_page_win_r1)
    u8x8_DrawTile                            0x0800647d   Thumb Code    30  u8x8_display.o(i.u8x8_DrawTile)
    u8x8_InitDisplay                         0x0800649b   Thumb Code    16  u8x8_display.o(i.u8x8_InitDisplay)
    u8x8_RefreshDisplay                      0x080064ab   Thumb Code    16  u8x8_display.o(i.u8x8_RefreshDisplay)
    u8x8_SetPowerSave                        0x080064bb   Thumb Code    16  u8x8_display.o(i.u8x8_SetPowerSave)
    u8x8_Setup                               0x080064cb   Thumb Code    34  u8x8_setup.o(i.u8x8_Setup)
    u8x8_SetupDefaults                       0x080064ed   Thumb Code    32  u8x8_setup.o(i.u8x8_SetupDefaults)
    u8x8_SetupMemory                         0x08006511   Thumb Code    16  u8x8_display.o(i.u8x8_SetupMemory)
    u8x8_ascii_next                          0x08006521   Thumb Code    14  u8x8_8x8.o(i.u8x8_ascii_next)
    u8x8_byte_4wire_hw_spi                   0x08006531   Thumb Code    58  oled_drv.o(i.u8x8_byte_4wire_hw_spi)
    u8x8_byte_SendByte                       0x08006571   Thumb Code    14  u8x8_byte.o(i.u8x8_byte_SendByte)
    u8x8_byte_SetDC                          0x0800657f   Thumb Code    16  u8x8_byte.o(i.u8x8_byte_SetDC)
    u8x8_cad_001                             0x0800658f   Thumb Code    82  u8x8_cad.o(i.u8x8_cad_001)
    u8x8_cad_EndTransfer                     0x080065e1   Thumb Code    16  u8x8_cad.o(i.u8x8_cad_EndTransfer)
    u8x8_cad_SendArg                         0x080065f1   Thumb Code    16  u8x8_cad.o(i.u8x8_cad_SendArg)
    u8x8_cad_SendCmd                         0x08006601   Thumb Code    16  u8x8_cad.o(i.u8x8_cad_SendCmd)
    u8x8_cad_SendData                        0x08006611   Thumb Code    16  u8x8_cad.o(i.u8x8_cad_SendData)
    u8x8_cad_SendSequence                    0x08006621   Thumb Code   104  u8x8_cad.o(i.u8x8_cad_SendSequence)
    u8x8_cad_StartTransfer                   0x08006689   Thumb Code    16  u8x8_cad.o(i.u8x8_cad_StartTransfer)
    u8x8_d_helper_display_init               0x08006699   Thumb Code    96  u8x8_display.o(i.u8x8_d_helper_display_init)
    u8x8_d_helper_display_setup_memory       0x080066f9   Thumb Code    10  u8x8_display.o(i.u8x8_d_helper_display_setup_memory)
    u8x8_d_ssd1306_128x64_noname             0x08006705   Thumb Code    52  u8x8_d_ssd1306_128x64_noname.o(i.u8x8_d_ssd1306_128x64_noname)
    u8x8_dummy_cb                            0x08006809   Thumb Code     4  u8x8_setup.o(i.u8x8_dummy_cb)
    u8x8_gpio_call                           0x0800680d   Thumb Code    12  u8x8_gpio.o(i.u8x8_gpio_call)
    u8x8_stm32_gpio_and_delay                0x08006819   Thumb Code    58  oled_drv.o(i.u8x8_stm32_gpio_and_delay)
    u8x8_utf8_init                           0x08006853   Thumb Code     8  u8x8_8x8.o(i.u8x8_utf8_init)
    _get_lc_numeric                          0x0800685d   Thumb Code    44  lc_numeric_c.o(locale$$code)
    _get_lc_ctype                            0x08006889   Thumb Code    44  lc_ctype_c.o(locale$$code)
    _fp_init                                 0x080068b5   Thumb Code    10  fpinit.o(x$fpl$fpinit)
    __fplib_config_fpu_vfp                   0x080068bd   Thumb Code     0  fpinit.o(x$fpl$fpinit)
    __fplib_config_pureend_doubles           0x080068bd   Thumb Code     0  fpinit.o(x$fpl$fpinit)
    _printf_fp_dec                           0x080068bf   Thumb Code     4  printf1.o(x$fpl$printf1)
    _printf_fp_hex                           0x080068c3   Thumb Code     4  printf2.o(x$fpl$printf2)
    __I$use$fp                               0x080068c6   Number         0  usenofp.o(x$fpl$usenofp)
    u8g2_font_6x10_tf                        0x080068c6   Data        2000  u8g2_fonts.o(.constdata)
    u8g2_cb_r1                               0x08007098   Data          12  u8g2_setup.o(.constdata)
    UARTPrescTable                           0x080071fc   Data          24  stm32g4xx_hal_uart.o(.constdata)
    AHBPrescTable                            0x08007224   Data          16  system_stm32g4xx.o(.constdata)
    APBPrescTable                            0x08007234   Data           8  system_stm32g4xx.o(.constdata)
    Region$$Table$$Base                      0x08007338   Number         0  anon$$obj.o(Region$$Table)
    Region$$Table$$Limit                     0x08007358   Number         0  anon$$obj.o(Region$$Table)
    __ctype                                  0x08007381   Data           0  lc_ctype_c.o(locale$$data)
    u8g2                                     0x20000000   Data           4  oled_drv.o(.data)
    OLED_hspi                                0x20000004   Data           4  oled_drv.o(.data)
    uwTickPrio                               0x20000008   Data           4  stm32g4xx_hal.o(.data)
    uwTickFreq                               0x2000000c   Data           4  stm32g4xx_hal.o(.data)
    uwTick                                   0x20000010   Data           4  stm32g4xx_hal.o(.data)
    SystemCoreClock                          0x20000014   Data           4  system_stm32g4xx.o(.data)
    hadc1                                    0x20000018   Data         108  adc.o(.bss)
    hfdcan1                                  0x20000084   Data         100  fdcan.o(.bss)
    hi2c1                                    0x200000e8   Data          84  i2c.o(.bss)
    hspi1                                    0x2000013c   Data         100  spi.o(.bss)
    hspi2                                    0x200001a0   Data         100  spi.o(.bss)
    hdma_spi1_tx                             0x20000204   Data          96  spi.o(.bss)
    htim1                                    0x20000264   Data          76  tim.o(.bss)
    huart4                                   0x200002b0   Data         148  usart.o(.bss)
    huart2                                   0x20000344   Data         148  usart.o(.bss)
    huart3                                   0x200003d8   Data         148  usart.o(.bss)
    __libspace_start                         0x2000086c   Data          96  libspace.o(.bss)
    __temporary_stack_top$libspace           0x200008cc   Data           0  libspace.o(.bss)



==============================================================================

Memory Map of the image

  Image Entry point : 0x080001d9

  Load Region LR_IROM1 (Base: 0x08000000, Size: 0x0000749c, Max: 0x0001c000, ABSOLUTE)

    Execution Region ER_IROM1 (Exec base: 0x08000000, Load base: 0x08000000, Size: 0x00007484, Max: 0x0001c000, ABSOLUTE)

    Exec Addr    Load Addr    Size         Type   Attr      Idx    E Section Name        Object

    0x08000000   0x08000000   0x000001d8   Data   RO            3    RESET               startup_stm32g431xx.o
    0x080001d8   0x080001d8   0x00000008   Code   RO        10556  * !!!main             c_w.l(__main.o)
    0x080001e0   0x080001e0   0x00000034   Code   RO        10933    !!!scatter          c_w.l(__scatter.o)
    0x08000214   0x08000214   0x0000001a   Code   RO        10935    !!handler_copy      c_w.l(__scatter_copy.o)
    0x0800022e   0x0800022e   0x00000002   PAD
    0x08000230   0x08000230   0x0000001c   Code   RO        10937    !!handler_zi        c_w.l(__scatter_zi.o)
    0x0800024c   0x0800024c   0x00000000   Code   RO        10671    .ARM.Collect$$_printf_percent$$00000000  c_w.l(_printf_percent.o)
    0x0800024c   0x0800024c   0x00000006   Code   RO        10660    .ARM.Collect$$_printf_percent$$00000001  c_w.l(_printf_n.o)
    0x08000252   0x08000252   0x00000006   Code   RO        10662    .ARM.Collect$$_printf_percent$$00000002  c_w.l(_printf_p.o)
    0x08000258   0x08000258   0x00000006   Code   RO        10667    .ARM.Collect$$_printf_percent$$00000003  c_w.l(_printf_f.o)
    0x0800025e   0x0800025e   0x00000006   Code   RO        10668    .ARM.Collect$$_printf_percent$$00000004  c_w.l(_printf_e.o)
    0x08000264   0x08000264   0x00000006   Code   RO        10669    .ARM.Collect$$_printf_percent$$00000005  c_w.l(_printf_g.o)
    0x0800026a   0x0800026a   0x00000006   Code   RO        10670    .ARM.Collect$$_printf_percent$$00000006  c_w.l(_printf_a.o)
    0x08000270   0x08000270   0x0000000a   Code   RO        10675    .ARM.Collect$$_printf_percent$$00000007  c_w.l(_printf_ll.o)
    0x0800027a   0x0800027a   0x00000006   Code   RO        10664    .ARM.Collect$$_printf_percent$$00000008  c_w.l(_printf_i.o)
    0x08000280   0x08000280   0x00000006   Code   RO        10665    .ARM.Collect$$_printf_percent$$00000009  c_w.l(_printf_d.o)
    0x08000286   0x08000286   0x00000006   Code   RO        10666    .ARM.Collect$$_printf_percent$$0000000A  c_w.l(_printf_u.o)
    0x0800028c   0x0800028c   0x00000006   Code   RO        10663    .ARM.Collect$$_printf_percent$$0000000B  c_w.l(_printf_o.o)
    0x08000292   0x08000292   0x00000006   Code   RO        10661    .ARM.Collect$$_printf_percent$$0000000C  c_w.l(_printf_x.o)
    0x08000298   0x08000298   0x00000006   Code   RO        10672    .ARM.Collect$$_printf_percent$$0000000D  c_w.l(_printf_lli.o)
    0x0800029e   0x0800029e   0x00000006   Code   RO        10673    .ARM.Collect$$_printf_percent$$0000000E  c_w.l(_printf_lld.o)
    0x080002a4   0x080002a4   0x00000006   Code   RO        10674    .ARM.Collect$$_printf_percent$$0000000F  c_w.l(_printf_llu.o)
    0x080002aa   0x080002aa   0x00000006   Code   RO        10679    .ARM.Collect$$_printf_percent$$00000010  c_w.l(_printf_llo.o)
    0x080002b0   0x080002b0   0x00000006   Code   RO        10680    .ARM.Collect$$_printf_percent$$00000011  c_w.l(_printf_llx.o)
    0x080002b6   0x080002b6   0x0000000a   Code   RO        10676    .ARM.Collect$$_printf_percent$$00000012  c_w.l(_printf_l.o)
    0x080002c0   0x080002c0   0x00000006   Code   RO        10658    .ARM.Collect$$_printf_percent$$00000013  c_w.l(_printf_c.o)
    0x080002c6   0x080002c6   0x00000006   Code   RO        10659    .ARM.Collect$$_printf_percent$$00000014  c_w.l(_printf_s.o)
    0x080002cc   0x080002cc   0x00000006   Code   RO        10677    .ARM.Collect$$_printf_percent$$00000015  c_w.l(_printf_lc.o)
    0x080002d2   0x080002d2   0x00000006   Code   RO        10678    .ARM.Collect$$_printf_percent$$00000016  c_w.l(_printf_ls.o)
    0x080002d8   0x080002d8   0x00000004   Code   RO        10783    .ARM.Collect$$_printf_percent$$00000017  c_w.l(_printf_percent_end.o)
    0x080002dc   0x080002dc   0x00000002   Code   RO        10862    .ARM.Collect$$libinit$$00000000  c_w.l(libinit.o)
    0x080002de   0x080002de   0x00000004   Code   RO        10685    .ARM.Collect$$libinit$$00000001  c_w.l(libinit2.o)
    0x080002e2   0x080002e2   0x00000000   Code   RO        10688    .ARM.Collect$$libinit$$00000004  c_w.l(libinit2.o)
    0x080002e2   0x080002e2   0x00000008   Code   RO        10689    .ARM.Collect$$libinit$$00000005  c_w.l(libinit2.o)
    0x080002ea   0x080002ea   0x00000000   Code   RO        10691    .ARM.Collect$$libinit$$0000000A  c_w.l(libinit2.o)
    0x080002ea   0x080002ea   0x00000000   Code   RO        10693    .ARM.Collect$$libinit$$0000000C  c_w.l(libinit2.o)
    0x080002ea   0x080002ea   0x00000000   Code   RO        10695    .ARM.Collect$$libinit$$0000000E  c_w.l(libinit2.o)
    0x080002ea   0x080002ea   0x00000006   Code   RO        10696    .ARM.Collect$$libinit$$0000000F  c_w.l(libinit2.o)
    0x080002f0   0x080002f0   0x00000000   Code   RO        10698    .ARM.Collect$$libinit$$00000011  c_w.l(libinit2.o)
    0x080002f0   0x080002f0   0x0000000c   Code   RO        10699    .ARM.Collect$$libinit$$00000012  c_w.l(libinit2.o)
    0x080002fc   0x080002fc   0x00000000   Code   RO        10700    .ARM.Collect$$libinit$$00000013  c_w.l(libinit2.o)
    0x080002fc   0x080002fc   0x00000000   Code   RO        10702    .ARM.Collect$$libinit$$00000015  c_w.l(libinit2.o)
    0x080002fc   0x080002fc   0x0000000a   Code   RO        10703    .ARM.Collect$$libinit$$00000016  c_w.l(libinit2.o)
    0x08000306   0x08000306   0x00000000   Code   RO        10704    .ARM.Collect$$libinit$$00000017  c_w.l(libinit2.o)
    0x08000306   0x08000306   0x00000000   Code   RO        10706    .ARM.Collect$$libinit$$00000019  c_w.l(libinit2.o)
    0x08000306   0x08000306   0x00000000   Code   RO        10708    .ARM.Collect$$libinit$$0000001B  c_w.l(libinit2.o)
    0x08000306   0x08000306   0x00000000   Code   RO        10710    .ARM.Collect$$libinit$$0000001D  c_w.l(libinit2.o)
    0x08000306   0x08000306   0x00000000   Code   RO        10712    .ARM.Collect$$libinit$$0000001F  c_w.l(libinit2.o)
    0x08000306   0x08000306   0x00000000   Code   RO        10714    .ARM.Collect$$libinit$$00000021  c_w.l(libinit2.o)
    0x08000306   0x08000306   0x00000000   Code   RO        10716    .ARM.Collect$$libinit$$00000023  c_w.l(libinit2.o)
    0x08000306   0x08000306   0x00000000   Code   RO        10718    .ARM.Collect$$libinit$$00000025  c_w.l(libinit2.o)
    0x08000306   0x08000306   0x00000000   Code   RO        10722    .ARM.Collect$$libinit$$0000002C  c_w.l(libinit2.o)
    0x08000306   0x08000306   0x00000000   Code   RO        10724    .ARM.Collect$$libinit$$0000002E  c_w.l(libinit2.o)
    0x08000306   0x08000306   0x00000000   Code   RO        10726    .ARM.Collect$$libinit$$00000030  c_w.l(libinit2.o)
    0x08000306   0x08000306   0x00000000   Code   RO        10728    .ARM.Collect$$libinit$$00000032  c_w.l(libinit2.o)
    0x08000306   0x08000306   0x00000002   Code   RO        10729    .ARM.Collect$$libinit$$00000033  c_w.l(libinit2.o)
    0x08000308   0x08000308   0x00000002   Code   RO        10930    .ARM.Collect$$libshutdown$$00000000  c_w.l(libshutdown.o)
    0x0800030a   0x0800030a   0x00000000   Code   RO        10888    .ARM.Collect$$libshutdown$$00000002  c_w.l(libshutdown2.o)
    0x0800030a   0x0800030a   0x00000000   Code   RO        10890    .ARM.Collect$$libshutdown$$00000004  c_w.l(libshutdown2.o)
    0x0800030a   0x0800030a   0x00000000   Code   RO        10893    .ARM.Collect$$libshutdown$$00000007  c_w.l(libshutdown2.o)
    0x0800030a   0x0800030a   0x00000000   Code   RO        10896    .ARM.Collect$$libshutdown$$0000000A  c_w.l(libshutdown2.o)
    0x0800030a   0x0800030a   0x00000000   Code   RO        10898    .ARM.Collect$$libshutdown$$0000000C  c_w.l(libshutdown2.o)
    0x0800030a   0x0800030a   0x00000000   Code   RO        10901    .ARM.Collect$$libshutdown$$0000000F  c_w.l(libshutdown2.o)
    0x0800030a   0x0800030a   0x00000002   Code   RO        10902    .ARM.Collect$$libshutdown$$00000010  c_w.l(libshutdown2.o)
    0x0800030c   0x0800030c   0x00000000   Code   RO        10560    .ARM.Collect$$rtentry$$00000000  c_w.l(__rtentry.o)
    0x0800030c   0x0800030c   0x00000000   Code   RO        10744    .ARM.Collect$$rtentry$$00000002  c_w.l(__rtentry2.o)
    0x0800030c   0x0800030c   0x00000006   Code   RO        10756    .ARM.Collect$$rtentry$$00000004  c_w.l(__rtentry4.o)
    0x08000312   0x08000312   0x00000000   Code   RO        10746    .ARM.Collect$$rtentry$$00000009  c_w.l(__rtentry2.o)
    0x08000312   0x08000312   0x00000004   Code   RO        10747    .ARM.Collect$$rtentry$$0000000A  c_w.l(__rtentry2.o)
    0x08000316   0x08000316   0x00000000   Code   RO        10749    .ARM.Collect$$rtentry$$0000000C  c_w.l(__rtentry2.o)
    0x08000316   0x08000316   0x00000008   Code   RO        10750    .ARM.Collect$$rtentry$$0000000D  c_w.l(__rtentry2.o)
    0x0800031e   0x0800031e   0x00000002   Code   RO        10870    .ARM.Collect$$rtexit$$00000000  c_w.l(rtexit.o)
    0x08000320   0x08000320   0x00000000   Code   RO        10906    .ARM.Collect$$rtexit$$00000002  c_w.l(rtexit2.o)
    0x08000320   0x08000320   0x00000004   Code   RO        10907    .ARM.Collect$$rtexit$$00000003  c_w.l(rtexit2.o)
    0x08000324   0x08000324   0x00000006   Code   RO        10908    .ARM.Collect$$rtexit$$00000004  c_w.l(rtexit2.o)
    0x0800032a   0x0800032a   0x00000002   PAD
    0x0800032c   0x0800032c   0x00000000   Code   RO        10762    .emb_text           c_w.l(maybetermalloc1.o)
    0x0800032c   0x0800032c   0x00000040   Code   RO            4    .text               startup_stm32g431xx.o
    0x0800036c   0x0800036c   0x0000005e   Code   RO        10488    .text               c_w.l(h1_alloc.o)
    0x080003ca   0x080003ca   0x0000004e   Code   RO        10490    .text               c_w.l(h1_free.o)
    0x08000418   0x08000418   0x000000ee   Code   RO        10546    .text               c_w.l(lludivv7m.o)
    0x08000506   0x08000506   0x00000002   PAD
    0x08000508   0x08000508   0x00000024   Code   RO        10548    .text               c_w.l(vsprintf.o)
    0x0800052c   0x0800052c   0x00000044   Code   RO        10550    .text               c_w.l(rt_memclr.o)
    0x08000570   0x08000570   0x0000004e   Code   RO        10552    .text               c_w.l(rt_memclr_w.o)
    0x080005be   0x080005be   0x00000006   Code   RO        10554    .text               c_w.l(heapauxi.o)
    0x080005c4   0x080005c4   0x00000008   Code   RO        10568    .text               c_w.l(rt_heap_descriptor_intlibspace.o)
    0x080005cc   0x080005cc   0x00000004   Code   RO        10570    .text               c_w.l(hguard.o)
    0x080005d0   0x080005d0   0x0000008a   Code   RO        10572    .text               c_w.l(init_alloc.o)
    0x0800065a   0x0800065a   0x0000000e   Code   RO        10576    .text               c_w.l(h1_init.o)
    0x08000668   0x08000668   0x0000004e   Code   RO        10592    .text               c_w.l(_printf_pad.o)
    0x080006b6   0x080006b6   0x00000024   Code   RO        10594    .text               c_w.l(_printf_truncate.o)
    0x080006da   0x080006da   0x00000052   Code   RO        10596    .text               c_w.l(_printf_str.o)
    0x0800072c   0x0800072c   0x00000078   Code   RO        10598    .text               c_w.l(_printf_dec.o)
    0x080007a4   0x080007a4   0x00000028   Code   RO        10600    .text               c_w.l(_printf_charcount.o)
    0x080007cc   0x080007cc   0x00000030   Code   RO        10602    .text               c_w.l(_printf_char_common.o)
    0x080007fc   0x080007fc   0x0000000a   Code   RO        10604    .text               c_w.l(_sputc.o)
    0x08000806   0x08000806   0x00000002   PAD
    0x08000808   0x08000808   0x000000bc   Code   RO        10606    .text               c_w.l(_printf_wctomb.o)
    0x080008c4   0x080008c4   0x0000007c   Code   RO        10609    .text               c_w.l(_printf_longlong_dec.o)
    0x08000940   0x08000940   0x00000070   Code   RO        10615    .text               c_w.l(_printf_oct_int_ll.o)
    0x080009b0   0x080009b0   0x00000094   Code   RO        10635    .text               c_w.l(_printf_hex_int_ll_ptr.o)
    0x08000a44   0x08000a44   0x00000188   Code   RO        10655    .text               c_w.l(__printf_flags_ss_wp.o)
    0x08000bcc   0x08000bcc   0x00000008   Code   RO        10740    .text               c_w.l(libspace.o)
    0x08000bd4   0x08000bd4   0x00000034   Code   RO        10764    .text               c_w.l(h1_extend.o)
    0x08000c08   0x08000c08   0x0000008a   Code   RO        10768    .text               c_w.l(lludiv10.o)
    0x08000c92   0x08000c92   0x000000b2   Code   RO        10770    .text               c_w.l(_printf_intcommon.o)
    0x08000d44   0x08000d44   0x0000041e   Code   RO        10772    .text               c_w.l(_printf_fp_dec.o)
    0x08001162   0x08001162   0x00000002   PAD
    0x08001164   0x08001164   0x000002fc   Code   RO        10774    .text               c_w.l(_printf_fp_hex.o)
    0x08001460   0x08001460   0x0000002c   Code   RO        10779    .text               c_w.l(_printf_char.o)
    0x0800148c   0x0800148c   0x0000002c   Code   RO        10781    .text               c_w.l(_printf_wchar.o)
    0x080014b8   0x080014b8   0x00000040   Code   RO        10784    .text               c_w.l(_wcrtomb.o)
    0x080014f8   0x080014f8   0x0000000e   Code   RO        10786    .text               c_w.l(defsig_rtmem_outer.o)
    0x08001506   0x08001506   0x00000002   Code   RO        10797    .text               c_w.l(use_no_semi.o)
    0x08001508   0x08001508   0x00000000   Code   RO        10799    .text               c_w.l(indicate_semi.o)
    0x08001508   0x08001508   0x0000004a   Code   RO        10800    .text               c_w.l(sys_stackheap_outer.o)
    0x08001552   0x08001552   0x00000002   PAD
    0x08001554   0x08001554   0x00000010   Code   RO        10802    .text               c_w.l(rt_ctype_table.o)
    0x08001564   0x08001564   0x00000008   Code   RO        10809    .text               c_w.l(rt_locale_intlibspace.o)
    0x0800156c   0x0800156c   0x00000080   Code   RO        10813    .text               c_w.l(_printf_fp_infnan.o)
    0x080015ec   0x080015ec   0x000000e4   Code   RO        10815    .text               c_w.l(bigflt0.o)
    0x080016d0   0x080016d0   0x00000012   Code   RO        10843    .text               c_w.l(exit.o)
    0x080016e2   0x080016e2   0x0000000a   Code   RO        10845    .text               c_w.l(defsig_exit.o)
    0x080016ec   0x080016ec   0x00000050   Code   RO        10851    .text               c_w.l(defsig_rtmem_inner.o)
    0x0800173c   0x0800173c   0x0000000c   Code   RO        10868    .text               c_w.l(sys_exit.o)
    0x08001748   0x08001748   0x00000032   Code   RO        10881    .text               c_w.l(defsig_general.o)
    0x0800177a   0x0800177a   0x00000002   PAD
    0x0800177c   0x0800177c   0x00000080   Code   RO        10885    .text               c_w.l(strcmpv7m.o)
    0x080017fc   0x080017fc   0x0000000e   Code   RO        10903    .text               c_w.l(sys_wrch.o)
    0x0800180a   0x0800180a   0x0000003e   Code   RO        10818    CL$$btod_d2e        c_w.l(btod.o)
    0x08001848   0x08001848   0x00000046   Code   RO        10820    CL$$btod_d2e_denorm_low  c_w.l(btod.o)
    0x0800188e   0x0800188e   0x00000060   Code   RO        10819    CL$$btod_d2e_norm_op1  c_w.l(btod.o)
    0x080018ee   0x080018ee   0x00000338   Code   RO        10828    CL$$btod_div_common  c_w.l(btod.o)
    0x08001c26   0x08001c26   0x000000dc   Code   RO        10825    CL$$btod_e2e        c_w.l(btod.o)
    0x08001d02   0x08001d02   0x0000002a   Code   RO        10822    CL$$btod_ediv       c_w.l(btod.o)
    0x08001d2c   0x08001d2c   0x0000002a   Code   RO        10821    CL$$btod_emul       c_w.l(btod.o)
    0x08001d56   0x08001d56   0x00000244   Code   RO        10827    CL$$btod_mult_common  c_w.l(btod.o)
    0x08001f9a   0x08001f9a   0x00000002   Code   RO          560    i.BusFault_Handler  stm32g4xx_it.o
    0x08001f9c   0x08001f9c   0x0000000c   Code   RO          561    i.DMA1_Channel1_IRQHandler  stm32g4xx_it.o
    0x08001fa8   0x08001fa8   0x00000040   Code   RO         6848    i.DMA_CalcDMAMUXChannelBaseAndMask  stm32g4xx_hal_dma.o
    0x08001fe8   0x08001fe8   0x00000024   Code   RO         6849    i.DMA_CalcDMAMUXRequestGenBaseAndMask  stm32g4xx_hal_dma.o
    0x0800200c   0x0800200c   0x00000002   Code   RO          562    i.DebugMon_Handler  stm32g4xx_it.o
    0x0800200e   0x0800200e   0x00000004   Code   RO           13    i.Error_Handler     main.o
    0x08002012   0x08002012   0x00000002   PAD
    0x08002014   0x08002014   0x000000d8   Code   RO         5805    i.HAL_ADCEx_MultiModeConfigChannel  stm32g4xx_hal_adc_ex.o
    0x080020ec   0x080020ec   0x00000424   Code   RO         5557    i.HAL_ADC_ConfigChannel  stm32g4xx_hal_adc.o
    0x08002510   0x08002510   0x000001f4   Code   RO         5566    i.HAL_ADC_Init      stm32g4xx_hal_adc.o
    0x08002704   0x08002704   0x00000074   Code   RO          251    i.HAL_ADC_MspInit   adc.o
    0x08002778   0x08002778   0x000000ba   Code   RO         6856    i.HAL_DMA_IRQHandler  stm32g4xx_hal_dma.o
    0x08002832   0x08002832   0x00000002   PAD
    0x08002834   0x08002834   0x000000c0   Code   RO         6857    i.HAL_DMA_Init      stm32g4xx_hal_dma.o
    0x080028f4   0x080028f4   0x00000024   Code   RO         6004    i.HAL_Delay         stm32g4xx_hal.o
    0x08002918   0x08002918   0x00000204   Code   RO         7546    i.HAL_FDCAN_Init    stm32g4xx_hal_fdcan.o
    0x08002b1c   0x08002b1c   0x0000007c   Code   RO          317    i.HAL_FDCAN_MspInit  fdcan.o
    0x08002b98   0x08002b98   0x00000248   Code   RO         6713    i.HAL_GPIO_Init     stm32g4xx_hal_gpio.o
    0x08002de0   0x08002de0   0x0000000a   Code   RO         6717    i.HAL_GPIO_WritePin  stm32g4xx_hal_gpio.o
    0x08002dea   0x08002dea   0x00000002   PAD
    0x08002dec   0x08002dec   0x0000000c   Code   RO         6008    i.HAL_GetTick       stm32g4xx_hal.o
    0x08002df8   0x08002df8   0x00000056   Code   RO         8359    i.HAL_I2CEx_ConfigAnalogFilter  stm32g4xx_hal_i2c_ex.o
    0x08002e4e   0x08002e4e   0x00000052   Code   RO         8360    i.HAL_I2CEx_ConfigDigitalFilter  stm32g4xx_hal_i2c_ex.o
    0x08002ea0   0x08002ea0   0x000000bc   Code   RO         7898    i.HAL_I2C_Init      stm32g4xx_hal_i2c.o
    0x08002f5c   0x08002f5c   0x000000a4   Code   RO          359    i.HAL_I2C_MspInit   i2c.o
    0x08003000   0x08003000   0x00000010   Code   RO         6014    i.HAL_IncTick       stm32g4xx_hal.o
    0x08003010   0x08003010   0x0000001e   Code   RO         6015    i.HAL_Init          stm32g4xx_hal.o
    0x0800302e   0x0800302e   0x00000002   PAD
    0x08003030   0x08003030   0x00000044   Code   RO         6016    i.HAL_InitTick      stm32g4xx_hal.o
    0x08003074   0x08003074   0x00000030   Code   RO          642    i.HAL_MspInit       stm32g4xx_hal_msp.o
    0x080030a4   0x080030a4   0x0000001a   Code   RO         7362    i.HAL_NVIC_EnableIRQ  stm32g4xx_hal_cortex.o
    0x080030be   0x080030be   0x00000002   PAD
    0x080030c0   0x080030c0   0x00000040   Code   RO         7368    i.HAL_NVIC_SetPriority  stm32g4xx_hal_cortex.o
    0x08003100   0x08003100   0x00000024   Code   RO         7369    i.HAL_NVIC_SetPriorityGrouping  stm32g4xx_hal_cortex.o
    0x08003124   0x08003124   0x000000bc   Code   RO         7116    i.HAL_PWREx_ControlVoltageScaling  stm32g4xx_hal_pwr_ex.o
    0x080031e0   0x080031e0   0x00000010   Code   RO         7128    i.HAL_PWREx_DisableUCPDDeadBattery  stm32g4xx_hal_pwr_ex.o
    0x080031f0   0x080031f0   0x00000288   Code   RO         6375    i.HAL_RCCEx_PeriphCLKConfig  stm32g4xx_hal_rcc_ex.o
    0x08003478   0x08003478   0x000001dc   Code   RO         6250    i.HAL_RCC_ClockConfig  stm32g4xx_hal_rcc.o
    0x08003654   0x08003654   0x00000024   Code   RO         6258    i.HAL_RCC_GetPCLK1Freq  stm32g4xx_hal_rcc.o
    0x08003678   0x08003678   0x00000024   Code   RO         6259    i.HAL_RCC_GetPCLK2Freq  stm32g4xx_hal_rcc.o
    0x0800369c   0x0800369c   0x0000006c   Code   RO         6260    i.HAL_RCC_GetSysClockFreq  stm32g4xx_hal_rcc.o
    0x08003708   0x08003708   0x00000404   Code   RO         6263    i.HAL_RCC_OscConfig  stm32g4xx_hal_rcc.o
    0x08003b0c   0x08003b0c   0x000000ea   Code   RO         8424    i.HAL_SPI_Init      stm32g4xx_hal_spi.o
    0x08003bf6   0x08003bf6   0x00000002   PAD
    0x08003bf8   0x08003bf8   0x000000dc   Code   RO          401    i.HAL_SPI_MspInit   spi.o
    0x08003cd4   0x08003cd4   0x0000018e   Code   RO         8432    i.HAL_SPI_Transmit  stm32g4xx_hal_spi.o
    0x08003e62   0x08003e62   0x00000028   Code   RO         7373    i.HAL_SYSTICK_Config  stm32g4xx_hal_cortex.o
    0x08003e8a   0x08003e8a   0x00000002   PAD
    0x08003e8c   0x08003e8c   0x0000009c   Code   RO         9485    i.HAL_TIMEx_ConfigBreakDeadTime  stm32g4xx_hal_tim_ex.o
    0x08003f28   0x08003f28   0x0000009c   Code   RO         9522    i.HAL_TIMEx_MasterConfigSynchronization  stm32g4xx_hal_tim_ex.o
    0x08003fc4   0x08003fc4   0x00000062   Code   RO         8766    i.HAL_TIM_Base_Init  stm32g4xx_hal_tim.o
    0x08004026   0x08004026   0x00000002   PAD
    0x08004028   0x08004028   0x00000028   Code   RO          449    i.HAL_TIM_Base_MspInit  tim.o
    0x08004050   0x08004050   0x00000100   Code   RO         8775    i.HAL_TIM_ConfigClockSource  stm32g4xx_hal_tim.o
    0x08004150   0x08004150   0x00000054   Code   RO          450    i.HAL_TIM_MspPostInit  tim.o
    0x080041a4   0x080041a4   0x0000006e   Code   RO         8815    i.HAL_TIM_OC_ConfigChannel  stm32g4xx_hal_tim.o
    0x08004212   0x08004212   0x00000062   Code   RO         8819    i.HAL_TIM_OC_Init   stm32g4xx_hal_tim.o
    0x08004274   0x08004274   0x00000002   Code   RO         8821    i.HAL_TIM_OC_MspInit  stm32g4xx_hal_tim.o
    0x08004276   0x08004276   0x00000124   Code   RO         8838    i.HAL_TIM_PWM_ConfigChannel  stm32g4xx_hal_tim.o
    0x0800439a   0x0800439a   0x00000062   Code   RO         8841    i.HAL_TIM_PWM_Init  stm32g4xx_hal_tim.o
    0x080043fc   0x080043fc   0x00000002   Code   RO         8843    i.HAL_TIM_PWM_MspInit  stm32g4xx_hal_tim.o
    0x080043fe   0x080043fe   0x0000003e   Code   RO        10329    i.HAL_UARTEx_DisableFifoMode  stm32g4xx_hal_uart_ex.o
    0x0800443c   0x0800443c   0x0000004c   Code   RO        10338    i.HAL_UARTEx_SetRxFifoThreshold  stm32g4xx_hal_uart_ex.o
    0x08004488   0x08004488   0x0000004c   Code   RO        10339    i.HAL_UARTEx_SetTxFifoThreshold  stm32g4xx_hal_uart_ex.o
    0x080044d4   0x080044d4   0x0000006a   Code   RO         9938    i.HAL_UART_Init     stm32g4xx_hal_uart.o
    0x0800453e   0x0800453e   0x00000002   PAD
    0x08004540   0x08004540   0x00000128   Code   RO          497    i.HAL_UART_MspInit  usart.o
    0x08004668   0x08004668   0x00000002   Code   RO          563    i.HardFault_Handler  stm32g4xx_it.o
    0x0800466a   0x0800466a   0x0000000c   Code   RO         5580    i.LL_ADC_GetOffsetChannel  stm32g4xx_hal_adc.o
    0x08004676   0x08004676   0x00000008   Code   RO         5581    i.LL_ADC_INJ_IsConversionOngoing  stm32g4xx_hal_adc.o
    0x0800467e   0x0800467e   0x00000008   Code   RO         5582    i.LL_ADC_REG_IsConversionOngoing  stm32g4xx_hal_adc.o
    0x08004686   0x08004686   0x00000008   Code   RO         5815    i.LL_ADC_REG_IsConversionOngoing  stm32g4xx_hal_adc_ex.o
    0x0800468e   0x0800468e   0x0000001e   Code   RO         5585    i.LL_ADC_SetChannelSamplingTime  stm32g4xx_hal_adc.o
    0x080046ac   0x080046ac   0x00000010   Code   RO         5586    i.LL_ADC_SetOffsetState  stm32g4xx_hal_adc.o
    0x080046bc   0x080046bc   0x00000090   Code   RO          252    i.MX_ADC1_Init      adc.o
    0x0800474c   0x0800474c   0x0000003c   Code   RO          292    i.MX_DMA_Init       dma.o
    0x08004788   0x08004788   0x0000004c   Code   RO          318    i.MX_FDCAN1_Init    fdcan.o
    0x080047d4   0x080047d4   0x000000f0   Code   RO          226    i.MX_GPIO_Init      gpio.o
    0x080048c4   0x080048c4   0x00000058   Code   RO          360    i.MX_I2C1_Init      i2c.o
    0x0800491c   0x0800491c   0x00000054   Code   RO          402    i.MX_SPI1_Init      spi.o
    0x08004970   0x08004970   0x00000054   Code   RO          403    i.MX_SPI2_Init      spi.o
    0x080049c4   0x080049c4   0x00000108   Code   RO          451    i.MX_TIM1_Init      tim.o
    0x08004acc   0x08004acc   0x00000068   Code   RO          498    i.MX_UART4_Init     usart.o
    0x08004b34   0x08004b34   0x00000068   Code   RO          499    i.MX_USART2_UART_Init  usart.o
    0x08004b9c   0x08004b9c   0x00000068   Code   RO          500    i.MX_USART3_UART_Init  usart.o
    0x08004c04   0x08004c04   0x00000002   Code   RO          564    i.MemManage_Handler  stm32g4xx_it.o
    0x08004c06   0x08004c06   0x00000002   Code   RO          565    i.NMI_Handler       stm32g4xx_it.o
    0x08004c08   0x08004c08   0x00000038   Code   RO          666    i.OLED_Init         oled_drv.o
    0x08004c40   0x08004c40   0x00000018   Code   RO          667    i.OLED_circle       oled_drv.o
    0x08004c58   0x08004c58   0x00000054   Code   RO          668    i.OLED_printf       oled_drv.o
    0x08004cac   0x08004cac   0x00000002   Code   RO          566    i.PendSV_Handler    stm32g4xx_it.o
    0x08004cae   0x08004cae   0x00000048   Code   RO         8462    i.SPI_EndRxTxTransaction  stm32g4xx_hal_spi.o
    0x08004cf6   0x08004cf6   0x00000002   PAD
    0x08004cf8   0x08004cf8   0x000000e0   Code   RO         8467    i.SPI_WaitFifoStateUntilTimeout  stm32g4xx_hal_spi.o
    0x08004dd8   0x08004dd8   0x000000b8   Code   RO         8468    i.SPI_WaitFlagStateUntilTimeout  stm32g4xx_hal_spi.o
    0x08004e90   0x08004e90   0x00000002   Code   RO          567    i.SVC_Handler       stm32g4xx_it.o
    0x08004e92   0x08004e92   0x00000004   Code   RO          568    i.SysTick_Handler   stm32g4xx_it.o
    0x08004e96   0x08004e96   0x00000064   Code   RO           14    i.SystemClock_Config  main.o
    0x08004efa   0x08004efa   0x00000002   PAD
    0x08004efc   0x08004efc   0x00000010   Code   RO        10448    i.SystemInit        system_stm32g4xx.o
    0x08004f0c   0x08004f0c   0x000000bc   Code   RO         8859    i.TIM_Base_SetConfig  stm32g4xx_hal_tim.o
    0x08004fc8   0x08004fc8   0x00000014   Code   RO         8870    i.TIM_ETR_SetConfig  stm32g4xx_hal_tim.o
    0x08004fdc   0x08004fdc   0x00000014   Code   RO         8871    i.TIM_ITRx_SetConfig  stm32g4xx_hal_tim.o
    0x08004ff0   0x08004ff0   0x0000009c   Code   RO         8872    i.TIM_OC1_SetConfig  stm32g4xx_hal_tim.o
    0x0800508c   0x0800508c   0x00000090   Code   RO         8873    i.TIM_OC2_SetConfig  stm32g4xx_hal_tim.o
    0x0800511c   0x0800511c   0x00000090   Code   RO         8874    i.TIM_OC3_SetConfig  stm32g4xx_hal_tim.o
    0x080051ac   0x080051ac   0x00000090   Code   RO         8875    i.TIM_OC4_SetConfig  stm32g4xx_hal_tim.o
    0x0800523c   0x0800523c   0x00000070   Code   RO         8876    i.TIM_OC5_SetConfig  stm32g4xx_hal_tim.o
    0x080052ac   0x080052ac   0x00000070   Code   RO         8877    i.TIM_OC6_SetConfig  stm32g4xx_hal_tim.o
    0x0800531c   0x0800531c   0x00000022   Code   RO         8879    i.TIM_TI1_ConfigInputStage  stm32g4xx_hal_tim.o
    0x0800533e   0x0800533e   0x00000024   Code   RO         8881    i.TIM_TI2_ConfigInputStage  stm32g4xx_hal_tim.o
    0x08005362   0x08005362   0x00000002   PAD
    0x08005364   0x08005364   0x00000044   Code   RO        10343    i.UARTEx_SetNbDataToProcess  stm32g4xx_hal_uart_ex.o
    0x080053a8   0x080053a8   0x000000c8   Code   RO         9952    i.UART_AdvFeatureConfig  stm32g4xx_hal_uart.o
    0x08005470   0x08005470   0x000000ac   Code   RO         9953    i.UART_CheckIdleState  stm32g4xx_hal_uart.o
    0x0800551c   0x0800551c   0x00000054   Code   RO         9964    i.UART_EndRxTransfer  stm32g4xx_hal_uart.o
    0x08005570   0x08005570   0x00000274   Code   RO         9970    i.UART_SetConfig    stm32g4xx_hal_uart.o
    0x080057e4   0x080057e4   0x00000094   Code   RO         9977    i.UART_WaitOnFlagUntilTimeout  stm32g4xx_hal_uart.o
    0x08005878   0x08005878   0x00000002   Code   RO          569    i.UsageFault_Handler  stm32g4xx_it.o
    0x0800587a   0x0800587a   0x00000030   Code   RO        10866    i.__ARM_fpclassify  m_wm.l(fpclassify.o)
    0x080058aa   0x080058aa   0x00000020   Code   RO         7375    i.__NVIC_SetPriority  stm32g4xx_hal_cortex.o
    0x080058ca   0x080058ca   0x0000000e   Code   RO        10648    i._is_digit         c_w.l(__printf_wp.o)
    0x080058d8   0x080058d8   0x00000148   Code   RO           15    i.main              main.o
    0x08005a20   0x08005a20   0x00000014   Code   RO         1573    i.u8g2_ClearBuffer  u8g2_buffer.o
    0x08005a34   0x08005a34   0x00000040   Code   RO         1667    i.u8g2_DrawCircle   u8g2_circle.o
    0x08005a74   0x08005a74   0x00000070   Code   RO         1776    i.u8g2_DrawGlyph    u8g2_font.o
    0x08005ae4   0x08005ae4   0x000000ac   Code   RO         4084    i.u8g2_DrawHVLine   u8g2_hvline.o
    0x08005b90   0x08005b90   0x0000002e   Code   RO         4085    i.u8g2_DrawPixel    u8g2_hvline.o
    0x08005bbe   0x08005bbe   0x00000002   PAD
    0x08005bc0   0x08005bc0   0x00000010   Code   RO         1778    i.u8g2_DrawStr      u8g2_font.o
    0x08005bd0   0x08005bd0   0x00000030   Code   RO         4145    i.u8g2_IsIntersection  u8g2_intersection.o
    0x08005c00   0x08005c00   0x00000012   Code   RO         1576    i.u8g2_SendBuffer   u8g2_buffer.o
    0x08005c12   0x08005c12   0x00000020   Code   RO         1796    i.u8g2_SetFont      u8g2_font.o
    0x08005c32   0x08005c32   0x00000002   PAD
    0x08005c34   0x08005c34   0x0000000c   Code   RO         1799    i.u8g2_SetFontPosBaseline  u8g2_font.o
    0x08005c40   0x08005c40   0x0000001c   Code   RO         4333    i.u8g2_SetMaxClipWindow  u8g2_setup.o
    0x08005c5c   0x08005c5c   0x00000046   Code   RO         4334    i.u8g2_SetupBuffer  u8g2_setup.o
    0x08005ca2   0x08005ca2   0x00000002   PAD
    0x08005ca4   0x08005ca4   0x00000038   Code   RO         1762    i.u8g2_Setup_ssd1306_128x64_noname_f  u8g2_d_setup.o
    0x08005cdc   0x08005cdc   0x00000052   Code   RO         1806    i.u8g2_UpdateRefHeight  u8g2_font.o
    0x08005d2e   0x08005d2e   0x0000001c   Code   RO         1807    i.u8g2_add_vector_x  u8g2_font.o
    0x08005d4a   0x08005d4a   0x0000001c   Code   RO         1808    i.u8g2_add_vector_y  u8g2_font.o
    0x08005d66   0x08005d66   0x0000006e   Code   RO         4336    i.u8g2_apply_clip_window  u8g2_setup.o
    0x08005dd4   0x08005dd4   0x0000003c   Code   RO         4088    i.u8g2_clip_intersection2  u8g2_hvline.o
    0x08005e10   0x08005e10   0x0000006a   Code   RO         1671    i.u8g2_draw_circle  u8g2_circle.o
    0x08005e7a   0x08005e7a   0x000000ba   Code   RO         1672    i.u8g2_draw_circle_section  u8g2_circle.o
    0x08005f34   0x08005f34   0x00000012   Code   RO         4089    i.u8g2_draw_hv_line_2dir  u8g2_hvline.o
    0x08005f46   0x08005f46   0x0000002a   Code   RO         4339    i.u8g2_draw_l90_r1  u8g2_setup.o
    0x08005f70   0x08005f70   0x00000076   Code   RO         1809    i.u8g2_draw_string  u8g2_font.o
    0x08005fe6   0x08005fe6   0x00000004   Code   RO         1815    i.u8g2_font_calc_vref_font  u8g2_font.o
    0x08005fea   0x08005fea   0x00000014   Code   RO         1817    i.u8g2_font_decode_get_signed_bits  u8g2_font.o
    0x08005ffe   0x08005ffe   0x00000034   Code   RO         1818    i.u8g2_font_decode_get_unsigned_bits  u8g2_font.o
    0x08006032   0x08006032   0x00000002   PAD
    0x08006034   0x08006034   0x00000114   Code   RO         1819    i.u8g2_font_decode_glyph  u8g2_font.o
    0x08006148   0x08006148   0x0000008c   Code   RO         1820    i.u8g2_font_decode_len  u8g2_font.o
    0x080061d4   0x080061d4   0x00000072   Code   RO         1821    i.u8g2_font_get_glyph_data  u8g2_font.o
    0x08006246   0x08006246   0x00000014   Code   RO         1822    i.u8g2_font_get_word  u8g2_font.o
    0x0800625a   0x0800625a   0x00000034   Code   RO         1823    i.u8g2_font_setup_decode  u8g2_font.o
    0x0800628e   0x0800628e   0x00000018   Code   RO         4146    i.u8g2_is_intersection_decision_tree  u8g2_intersection.o
    0x080062a6   0x080062a6   0x00000002   PAD
    0x080062a8   0x080062a8   0x00000090   Code   RO         4194    i.u8g2_ll_hvline_vertical_top_lsb  u8g2_ll_hvline.o
    0x08006338   0x08006338   0x0000000c   Code   RO         1749    i.u8g2_m_16_8_f     u8g2_d_memory.o
    0x08006344   0x08006344   0x0000006a   Code   RO         1824    i.u8g2_read_font_info  u8g2_font.o
    0x080063ae   0x080063ae   0x0000004e   Code   RO         1584    i.u8g2_send_buffer  u8g2_buffer.o
    0x080063fc   0x080063fc   0x00000046   Code   RO         4343    i.u8g2_update_dimension_common  u8g2_setup.o
    0x08006442   0x08006442   0x00000018   Code   RO         4345    i.u8g2_update_dimension_r1  u8g2_setup.o
    0x0800645a   0x0800645a   0x00000022   Code   RO         4349    i.u8g2_update_page_win_r1  u8g2_setup.o
    0x0800647c   0x0800647c   0x0000001e   Code   RO         5122    i.u8x8_DrawTile     u8x8_display.o
    0x0800649a   0x0800649a   0x00000010   Code   RO         5124    i.u8x8_InitDisplay  u8x8_display.o
    0x080064aa   0x080064aa   0x00000010   Code   RO         5126    i.u8x8_RefreshDisplay  u8x8_display.o
    0x080064ba   0x080064ba   0x00000010   Code   RO         5129    i.u8x8_SetPowerSave  u8x8_display.o
    0x080064ca   0x080064ca   0x00000022   Code   RO         5428    i.u8x8_Setup        u8x8_setup.o
    0x080064ec   0x080064ec   0x00000024   Code   RO         5429    i.u8x8_SetupDefaults  u8x8_setup.o
    0x08006510   0x08006510   0x00000010   Code   RO         5130    i.u8x8_SetupMemory  u8x8_display.o
    0x08006520   0x08006520   0x0000000e   Code   RO         4628    i.u8x8_ascii_next   u8x8_8x8.o
    0x0800652e   0x0800652e   0x00000002   PAD
    0x08006530   0x08006530   0x00000040   Code   RO          669    i.u8x8_byte_4wire_hw_spi  oled_drv.o
    0x08006570   0x08006570   0x0000000e   Code   RO         4755    i.u8x8_byte_SendByte  u8x8_byte.o
    0x0800657e   0x0800657e   0x00000010   Code   RO         4757    i.u8x8_byte_SetDC   u8x8_byte.o
    0x0800658e   0x0800658e   0x00000052   Code   RO         4870    i.u8x8_cad_001      u8x8_cad.o
    0x080065e0   0x080065e0   0x00000010   Code   RO         4874    i.u8x8_cad_EndTransfer  u8x8_cad.o
    0x080065f0   0x080065f0   0x00000010   Code   RO         4875    i.u8x8_cad_SendArg  u8x8_cad.o
    0x08006600   0x08006600   0x00000010   Code   RO         4876    i.u8x8_cad_SendCmd  u8x8_cad.o
    0x08006610   0x08006610   0x00000010   Code   RO         4877    i.u8x8_cad_SendData  u8x8_cad.o
    0x08006620   0x08006620   0x00000068   Code   RO         4879    i.u8x8_cad_SendSequence  u8x8_cad.o
    0x08006688   0x08006688   0x00000010   Code   RO         4880    i.u8x8_cad_StartTransfer  u8x8_cad.o
    0x08006698   0x08006698   0x00000060   Code   RO         5131    i.u8x8_d_helper_display_init  u8x8_display.o
    0x080066f8   0x080066f8   0x0000000a   Code   RO         5132    i.u8x8_d_helper_display_setup_memory  u8x8_display.o
    0x08006702   0x08006702   0x00000002   PAD
    0x08006704   0x08006704   0x0000003c   Code   RO         5056    i.u8x8_d_ssd1306_128x64_noname  u8x8_d_ssd1306_128x64_noname.o
    0x08006740   0x08006740   0x000000c8   Code   RO         5058    i.u8x8_d_ssd1306_sh1106_generic  u8x8_d_ssd1306_128x64_noname.o
    0x08006808   0x08006808   0x00000004   Code   RO         5431    i.u8x8_dummy_cb     u8x8_setup.o
    0x0800680c   0x0800680c   0x0000000c   Code   RO         5350    i.u8x8_gpio_call    u8x8_gpio.o
    0x08006818   0x08006818   0x0000003a   Code   RO          670    i.u8x8_stm32_gpio_and_delay  oled_drv.o
    0x08006852   0x08006852   0x00000008   Code   RO         4636    i.u8x8_utf8_init    u8x8_8x8.o
    0x0800685a   0x0800685a   0x00000002   PAD
    0x0800685c   0x0800685c   0x0000002c   Code   RO        10841    locale$$code        c_w.l(lc_numeric_c.o)
    0x08006888   0x08006888   0x0000002c   Code   RO        10877    locale$$code        c_w.l(lc_ctype_c.o)
    0x080068b4   0x080068b4   0x0000000a   Code   RO        10795    x$fpl$fpinit        fz_wm.l(fpinit.o)
    0x080068be   0x080068be   0x00000004   Code   RO        10730    x$fpl$printf1       fz_wm.l(printf1.o)
    0x080068c2   0x080068c2   0x00000004   Code   RO        10732    x$fpl$printf2       fz_wm.l(printf2.o)
    0x080068c6   0x080068c6   0x00000000   Code   RO        10865    x$fpl$usenofp       fz_wm.l(usenofp.o)
    0x080068c6   0x080068c6   0x000007d0   Data   RO         2147    .constdata          u8g2_fonts.o
    0x08007096   0x08007096   0x00000002   PAD
    0x08007098   0x08007098   0x0000000c   Data   RO         4353    .constdata          u8g2_setup.o
    0x080070a4   0x080070a4   0x00000158   Data   RO         5060    .constdata          u8x8_d_ssd1306_128x64_noname.o
    0x080071fc   0x080071fc   0x00000018   Data   RO         9978    .constdata          stm32g4xx_hal_uart.o
    0x08007214   0x08007214   0x00000010   Data   RO        10344    .constdata          stm32g4xx_hal_uart_ex.o
    0x08007224   0x08007224   0x00000010   Data   RO        10449    .constdata          system_stm32g4xx.o
    0x08007234   0x08007234   0x00000008   Data   RO        10450    .constdata          system_stm32g4xx.o
    0x0800723c   0x0800723c   0x00000008   Data   RO        10607    .constdata          c_w.l(_printf_wctomb.o)
    0x08007244   0x08007244   0x00000028   Data   RO        10636    .constdata          c_w.l(_printf_hex_int_ll_ptr.o)
    0x0800726c   0x0800726c   0x00000011   Data   RO        10656    .constdata          c_w.l(__printf_flags_ss_wp.o)
    0x0800727d   0x0800727d   0x00000026   Data   RO        10775    .constdata          c_w.l(_printf_fp_hex.o)
    0x080072a3   0x080072a3   0x00000001   PAD
    0x080072a4   0x080072a4   0x00000094   Data   RO        10816    .constdata          c_w.l(bigflt0.o)
    0x08007338   0x08007338   0x00000020   Data   RO        10931    Region$$Table       anon$$obj.o
    0x08007358   0x08007358   0x0000001c   Data   RO        10840    locale$$data        c_w.l(lc_numeric_c.o)
    0x08007374   0x08007374   0x00000110   Data   RO        10876    locale$$data        c_w.l(lc_ctype_c.o)


    Execution Region RW_IRAM1 (Exec base: 0x20000000, Load base: 0x08007484, Size: 0x00000ed0, Max: 0x00008000, ABSOLUTE)

    Exec Addr    Load Addr    Size         Type   Attr      Idx    E Section Name        Object

    0x20000000   0x08007484   0x00000008   Data   RW          671    .data               oled_drv.o
    0x20000008   0x0800748c   0x0000000c   Data   RW         6035    .data               stm32g4xx_hal.o
    0x20000014   0x08007498   0x00000004   Data   RW        10451    .data               system_stm32g4xx.o
    0x20000018        -       0x0000006c   Zero   RW          253    .bss                adc.o
    0x20000084        -       0x00000064   Zero   RW          319    .bss                fdcan.o
    0x200000e8        -       0x00000054   Zero   RW          361    .bss                i2c.o
    0x2000013c        -       0x00000128   Zero   RW          404    .bss                spi.o
    0x20000264        -       0x0000004c   Zero   RW          452    .bss                tim.o
    0x200002b0        -       0x000001bc   Zero   RW          502    .bss                usart.o
    0x2000046c        -       0x00000400   Zero   RW         1750    .bss                u8g2_d_memory.o
    0x2000086c        -       0x00000060   Zero   RW        10741    .bss                c_w.l(libspace.o)
    0x200008cc   0x0800749c   0x00000004   PAD
    0x200008d0        -       0x00000200   Zero   RW            2    HEAP                startup_stm32g431xx.o
    0x20000ad0        -       0x00000400   Zero   RW            1    STACK               startup_stm32g431xx.o


==============================================================================

Image component sizes


      Code (inc. data)   RO Data    RW Data    ZI Data      Debug   Object Name

       260         12          0          0        108       1801   adc.o
        60          4          0          0          0        798   dma.o
       200         16          0          0        100       1743   fdcan.o
       240         14          0          0          0        991   gpio.o
       252         26          0          0         84       1773   i2c.o
       432         64          0          0          0     880783   main.o
         0          0          0          0          0     163162   mui_u8g2.o
       286         38          0          8          0     167048   oled_drv.o
       388         42          0          0        296       2443   spi.o
        64         26        472          0       1536        836   startup_stm32g431xx.o
       162         24          0         12          0       4277   stm32g4xx_hal.o
      1634         88          0          0          0      73351   stm32g4xx_hal_adc.o
       224          8          0          0          0      68047   stm32g4xx_hal_adc_ex.o
       198         14          0          0          0      33803   stm32g4xx_hal_cortex.o
       478         30          0          0          0       3324   stm32g4xx_hal_dma.o
       516         18          0          0          0       3805   stm32g4xx_hal_fdcan.o
       594         34          0          0          0       2320   stm32g4xx_hal_gpio.o
       188          4          0          0          0       3231   stm32g4xx_hal_i2c.o
       168          0          0          0          0       1887   stm32g4xx_hal_i2c_ex.o
        48          6          0          0          0        854   stm32g4xx_hal_msp.o
       204         18          0          0          0       1393   stm32g4xx_hal_pwr_ex.o
      1684         88          0          0          0       6220   stm32g4xx_hal_rcc.o
       648         10          0          0          0       1868   stm32g4xx_hal_rcc_ex.o
      1112         10          0          0          0       5774   stm32g4xx_hal_spi.o
      2066        198          0          0          0      15282   stm32g4xx_hal_tim.o
       312         32          0          0          0       2340   stm32g4xx_hal_tim_ex.o
      1338         72         24          0          0      25062   stm32g4xx_hal_uart.o
       282          6         16          0          0       3637   stm32g4xx_hal_uart_ex.o
        32          6          0          0          0       4581   stm32g4xx_it.o
        16          4         24          4          0       1103   system_stm32g4xx.o
       388         30          0          0         76       2464   tim.o
       116          0          0          0          0       2519   u8g2_buffer.o
       356          0          0          0          0       3514   u8g2_circle.o
        12          4          0          0       1024        840   u8g2_d_memory.o
        56         14          0          0          0       1037   u8g2_d_setup.o
      1212         10          0          0          0      14129   u8g2_font.o
         0          0       2000          0          0     149503   u8g2_fonts.o
       296          0          0          0          0       3120   u8g2_hvline.o
        72          0          0          0          0       1907   u8g2_intersection.o
       144          0          0          0          0       1390   u8g2_ll_hvline.o
       378          0         12          0          0     150831   u8g2_setup.o
        22          0          0          0          0       1845   u8x8_8x8.o
        30          0          0          0          0       1163   u8x8_byte.o
       266          6          0          0          0       4969   u8x8_cad.o
       260         12        344          0          0       3079   u8x8_d_ssd1306_128x64_noname.o
       200          0          0          0          0       4438   u8x8_display.o
        12          0          0          0          0        601   u8x8_gpio.o
        74          4          0          0          0       1794   u8x8_setup.o
       608         58          0          0        444       3338   usart.o

    ----------------------------------------------------------------------
     18628       1050       2926         24       3668    1836018   Object Totals
         0          0         32          0          0          0   (incl. Generated)
        40          0          2          0          0          0   (incl. Padding)

    ----------------------------------------------------------------------

      Code (inc. data)   RO Data    RW Data    ZI Data      Debug   Library Member Name

         8          0          0          0          0         68   __main.o
       392          4         17          0          0         92   __printf_flags_ss_wp.o
        14          0          0          0          0         68   __printf_wp.o
         0          0          0          0          0          0   __rtentry.o
        12          0          0          0          0          0   __rtentry2.o
         6          0          0          0          0          0   __rtentry4.o
        52          8          0          0          0          0   __scatter.o
        26          0          0          0          0          0   __scatter_copy.o
        28          0          0          0          0          0   __scatter_zi.o
         6          0          0          0          0          0   _printf_a.o
         6          0          0          0          0          0   _printf_c.o
        44          0          0          0          0        108   _printf_char.o
        48          6          0          0          0         96   _printf_char_common.o
        40          0          0          0          0         68   _printf_charcount.o
         6          0          0          0          0          0   _printf_d.o
       120         16          0          0          0         92   _printf_dec.o
         6          0          0          0          0          0   _printf_e.o
         6          0          0          0          0          0   _printf_f.o
      1054          0          0          0          0        216   _printf_fp_dec.o
       764          8         38          0          0        100   _printf_fp_hex.o
       128         16          0          0          0         84   _printf_fp_infnan.o
         6          0          0          0          0          0   _printf_g.o
       148          4         40          0          0        160   _printf_hex_int_ll_ptr.o
         6          0          0          0          0          0   _printf_i.o
       178          0          0          0          0         88   _printf_intcommon.o
        10          0          0          0          0          0   _printf_l.o
         6          0          0          0          0          0   _printf_lc.o
        10          0          0          0          0          0   _printf_ll.o
         6          0          0          0          0          0   _printf_lld.o
         6          0          0          0          0          0   _printf_lli.o
         6          0          0          0          0          0   _printf_llo.o
         6          0          0          0          0          0   _printf_llu.o
         6          0          0          0          0          0   _printf_llx.o
       124         16          0          0          0         92   _printf_longlong_dec.o
         6          0          0          0          0          0   _printf_ls.o
         6          0          0          0          0          0   _printf_n.o
         6          0          0          0          0          0   _printf_o.o
       112         10          0          0          0        124   _printf_oct_int_ll.o
         6          0          0          0          0          0   _printf_p.o
        78          0          0          0          0        108   _printf_pad.o
         0          0          0          0          0          0   _printf_percent.o
         4          0          0          0          0          0   _printf_percent_end.o
         6          0          0          0          0          0   _printf_s.o
        82          0          0          0          0         80   _printf_str.o
        36          0          0          0          0         84   _printf_truncate.o
         6          0          0          0          0          0   _printf_u.o
        44          0          0          0          0        108   _printf_wchar.o
       188          6          8          0          0         92   _printf_wctomb.o
         6          0          0          0          0          0   _printf_x.o
        10          0          0          0          0         68   _sputc.o
        64          0          0          0          0         92   _wcrtomb.o
       228          4        148          0          0         96   bigflt0.o
      1936        128          0          0          0        672   btod.o
        10          0          0          0          0         68   defsig_exit.o
        50          0          0          0          0         88   defsig_general.o
        80         58          0          0          0         76   defsig_rtmem_inner.o
        14          0          0          0          0         80   defsig_rtmem_outer.o
        18          0          0          0          0         80   exit.o
        94          0          0          0          0         80   h1_alloc.o
        52          0          0          0          0         68   h1_extend.o
        78          0          0          0          0         80   h1_free.o
        14          0          0          0          0         84   h1_init.o
         6          0          0          0          0        152   heapauxi.o
         4          0          0          0          0        136   hguard.o
         0          0          0          0          0          0   indicate_semi.o
       138          0          0          0          0        168   init_alloc.o
        44         10        272          0          0         76   lc_ctype_c.o
        44         10         28          0          0         76   lc_numeric_c.o
         2          0          0          0          0          0   libinit.o
        42          0          0          0          0          0   libinit2.o
         2          0          0          0          0          0   libshutdown.o
         2          0          0          0          0          0   libshutdown2.o
         8          4          0          0         96         68   libspace.o
       138          0          0          0          0         80   lludiv10.o
       238          0          0          0          0        100   lludivv7m.o
         0          0          0          0          0          0   maybetermalloc1.o
        16          4          0          0          0         76   rt_ctype_table.o
         8          4          0          0          0         68   rt_heap_descriptor_intlibspace.o
         8          4          0          0          0         68   rt_locale_intlibspace.o
        68          0          0          0          0         68   rt_memclr.o
        78          0          0          0          0         80   rt_memclr_w.o
         2          0          0          0          0          0   rtexit.o
        10          0          0          0          0          0   rtexit2.o
       128          0          0          0          0         68   strcmpv7m.o
        12          4          0          0          0         68   sys_exit.o
        74          0          0          0          0         80   sys_stackheap_outer.o
        14          0          0          0          0         76   sys_wrch.o
         2          0          0          0          0         68   use_no_semi.o
        36          4          0          0          0         76   vsprintf.o
        10          0          0          0          0        116   fpinit.o
         4          0          0          0          0        116   printf1.o
         4          0          0          0          0        116   printf2.o
         0          0          0          0          0          0   usenofp.o
        48          0          0          0          0        124   fpclassify.o

    ----------------------------------------------------------------------
      7722        328        552          0        100       5684   Library Totals
        14          0          1          0          4          0   (incl. Padding)

    ----------------------------------------------------------------------

      Code (inc. data)   RO Data    RW Data    ZI Data      Debug   Library Name

      7642        328        551          0         96       5212   c_w.l
        18          0          0          0          0        348   fz_wm.l
        48          0          0          0          0        124   m_wm.l

    ----------------------------------------------------------------------
      7722        328        552          0        100       5684   Library Totals

    ----------------------------------------------------------------------

==============================================================================


      Code (inc. data)   RO Data    RW Data    ZI Data      Debug   

     26350       1378       3478         24       3768    1821890   Grand Totals
     26350       1378       3478         24       3768    1821890   ELF Image Totals
     26350       1378       3478         24          0          0   ROM Totals

==============================================================================

    Total RO  Size (Code + RO Data)                29828 (  29.13kB)
    Total RW  Size (RW Data + ZI Data)              3792 (   3.70kB)
    Total ROM Size (Code + RO Data + RW Data)      29852 (  29.15kB)

==============================================================================

