<html>
<body>
<pre>
<h1>µVision Build Log</h1>
<h2>Tool Versions:</h2>
IDE-Version: ¦ÌVision V5.39.0.0
Copyright (C) 2023 ARM Ltd and ARM Germany GmbH. All rights reserved.
License Information: mo flac, none, LIC=14HV2-99Y02-CXWU6-DF0JT-4IUFQ-TH50H
 
Tool Versions:
Toolchain:       MDK-ARM Plus  Version: 5.39.0.0
Toolchain Path:  D:\Keil\KeilFiles\MDK\ARM\ARMCC\Bin
C Compiler:      Armcc.exe V5.06 update 6 (build 750)
Assembler:       Armasm.exe V5.06 update 6 (build 750)
Linker/Locator:  ArmLink.exe V5.06 update 6 (build 750)
Library Manager: ArmAr.exe V5.06 update 6 (build 750)
Hex Converter:   FromElf.exe V5.06 update 6 (build 750)
CPU DLL:         SARMCM3.DLL V5.39.0.0
Dialog DLL:      DCM.DLL V1.17.5.0
Target DLL:      STLink\ST-LINKIII-KEIL_SWO.dll V3.2.0.0
Dialog DLL:      TCM.DLL V1.56.4.0
 
<h2>Project:</h2>
D:\Keil\KeilFiles\CUBEMX\focu\MDK-ARM\focu.uvprojx
Project File Date:  12/10/2024

<h2>Output:</h2>
*** Using Compiler 'V5.06 update 6 (build 750)', folder: 'D:\Keil\KeilFiles\MDK\ARM\ARMCC\Bin'
Rebuild target 'focu'
assembling startup_stm32g431xx.s...
compiling u8g2_d_setup.c...
..\Core\Src\u8g2\u8g2_d_setup.c(13): warning:  #1-D: last line of file ends without a newline
  }
..\Core\Src\u8g2\u8g2_d_setup.c: 1 warning, 0 errors
compiling u8g2_cleardisplay.c...
compiling u8g2_intersection.c...
compiling u8g2_circle.c...
compiling u8g2_d_memory.c...
..\Core\Src\u8g2\u8g2_d_memory.c(16): warning:  #1-D: last line of file ends without a newline
  }
..\Core\Src\u8g2\u8g2_d_memory.c: 1 warning, 0 errors
compiling u8g2_kerning.c...
compiling u8g2_button.c...
compiling u8g2_input_value.c...
compiling u8g2_bitmap.c...
compiling mui.c...
..\Core\Src\u8g2\mui.c(591): warning:  #177-D: function "mui_task_read_nth_selectable_field"  was declared but never referenced
  static uint8_t mui_task_read_nth_selectable_field(mui_t *ui)
..\Core\Src\u8g2\mui.c: 1 warning, 0 errors
compiling u8g2_line.c...
compiling u8g2_buffer.c...
compiling u8g2_hvline.c...
compiling u8g2_arc.c...
compiling u8g2_ll_hvline.c...
compiling u8g2_box.c...
compiling u8g2_message.c...
compiling u8g2_polygon.c...
compiling mui_u8g2.c...
..\Core\Src\u8g2\mui_u8g2.c(1256): warning:  #177-D: variable "s"  was declared but never referenced
    char *s = buf;
..\Core\Src\u8g2\mui_u8g2.c: 1 warning, 0 errors
compiling u8g2_font.c...
compiling u8log.c...
compiling u8g2_selection_list.c...
compiling u8log_u8x8.c...
compiling u8g2_setup.c...
..\Core\Src\u8g2\u8g2_setup.c(469): warning:  #1-D: last line of file ends without a newline
    
..\Core\Src\u8g2\u8g2_setup.c: 1 warning, 0 errors
compiling u8log_u8g2.c...
compiling u8x8_8x8.c...
compiling u8x8_capture.c...
..\Core\Src\u8g2\u8x8_capture.c(254): warning:  #1-D: last line of file ends without a newline
  #endif
..\Core\Src\u8g2\u8x8_capture.c: 1 warning, 0 errors
compiling u8x8_d_ssd1306_128x64_noname.c...
compiling u8x8_byte.c...
compiling u8x8_debounce.c...
compiling u8x8_cad.c...
compiling u8x8_display.c...
..\Core\Src\u8g2\u8x8_display.c(203): warning:  #1-D: last line of file ends without a newline
  }
..\Core\Src\u8g2\u8x8_display.c: 1 warning, 0 errors
compiling u8x8_gpio.c...
..\Core\Src\u8g2\u8x8_gpio.c(50): warning:  #1-D: last line of file ends without a newline
  */
..\Core\Src\u8g2\u8x8_gpio.c: 1 warning, 0 errors
compiling u8x8_input_value.c...
compiling u8x8_fonts.c...
compiling u8x8_message.c...
compiling u8x8_setup.c...
compiling u8x8_selection_list.c...
compiling u8x8_string.c...
compiling u8x8_u8toa.c...
..\Core\Src\u8g2\u8x8_u8toa.c(93): warning:  #1-D: last line of file ends without a newline
   
..\Core\Src\u8g2\u8x8_u8toa.c: 1 warning, 0 errors
compiling u8x8_u16toa.c...
..\Core\Src\u8g2\u8x8_u16toa.c(77): warning:  #1-D: last line of file ends without a newline
  }
..\Core\Src\u8g2\u8x8_u16toa.c: 1 warning, 0 errors
compiling stm32g4xx_ll_adc.c...
compiling i2c.c...
compiling adc.c...
compiling gpio.c...
compiling dma.c...
compiling stm32g4xx_it.c...
compiling usart.c...
compiling spi.c...
compiling Driver.c...
../Core/Inc/Driver.h(8): warning:  #1-D: last line of file ends without a newline
  #endif
..\Core\Src\Driver.c: 1 warning, 0 errors
compiling tim.c...
compiling stm32g4xx_hal_msp.c...
compiling u8g2_fonts.c...
compiling fdcan.c...
compiling OLED_Drv.c...
..\Core\Src\OLED_Drv.c(83): warning:  #1-D: last line of file ends without a newline
  }
..\Core\Src\OLED_Drv.c: 1 warning, 0 errors
compiling main.c...
compiling stm32g4xx_hal.c...
compiling stm32g4xx_hal_flash.c...
compiling stm32g4xx_hal_exti.c...
compiling stm32g4xx_hal_adc_ex.c...
compiling stm32g4xx_hal_rcc.c...
compiling stm32g4xx_hal_flash_ramfunc.c...
compiling stm32g4xx_hal_dma_ex.c...
compiling stm32g4xx_hal_cortex.c...
compiling stm32g4xx_hal_dma.c...
compiling stm32g4xx_hal_adc.c...
compiling stm32g4xx_hal_pwr.c...
compiling stm32g4xx_hal_gpio.c...
compiling stm32g4xx_hal_flash_ex.c...
compiling stm32g4xx_hal_rcc_ex.c...
compiling stm32g4xx_hal_pwr_ex.c...
compiling stm32g4xx_hal_fdcan.c...
compiling stm32g4xx_hal_i2c.c...
compiling stm32g4xx_hal_i2c_ex.c...
compiling stm32g4xx_hal_spi_ex.c...
compiling system_stm32g4xx.c...
compiling stm32g4xx_hal_uart_ex.c...
compiling stm32g4xx_hal_spi.c...
compiling stm32g4xx_hal_tim_ex.c...
compiling stm32g4xx_hal_uart.c...
compiling stm32g4xx_hal_tim.c...
linking...
Program Size: Code=26350 RO-data=3478 RW-data=24 ZI-data=3768  
FromELF: creating hex file...
"focu\focu.axf" - 0 Error(s), 12 Warning(s).

<h2>Software Packages used:</h2>

Package Vendor: ARM
                http://www.keil.com/pack/ARM.CMSIS.5.9.0.pack
                ARM::CMSIS@5.9.0
                CMSIS (Common Microcontroller Software Interface Standard)
   * Component: CORE Version: 5.6.0

Package Vendor: Keil
                https://www.keil.com/pack/Keil.STM32G4xx_DFP.1.5.0.pack
                Keil::STM32G4xx_DFP@1.5.0
                STMicroelectronics STM32G4 Series Device Support, Drivers and Examples

<h2>Collection of Component include folders:</h2>
  ./RTE/_focu
  D:/Keil/MDK/ARM/CMSIS/5.9.0/CMSIS/Core/Include
  D:/Keil/MDK/Keil/STM32G4xx_DFP/1.5.0/Drivers/CMSIS/Device/ST/STM32G4xx/Include

<h2>Collection of Component Files used:</h2>

   * Component: ARM::CMSIS:CORE@5.6.0
Build Time Elapsed:  00:00:05
</pre>
</body>
</html>
